Archive member included because of file (symbol)

c:/program files (x86)/atmel/studio/7.0/toolchain/arm/arm-gnu-toolchain/bin/../lib/gcc/arm-none-eabi/4.9.3/armv6-m\libgcc.a(_udivsi3.o)
                              src/extUSART.o (__aeabi_uidiv)
c:/program files (x86)/atmel/studio/7.0/toolchain/arm/arm-gnu-toolchain/bin/../lib/gcc/arm-none-eabi/4.9.3/armv6-m\libgcc.a(_dvmd_tls.o)
                              c:/program files (x86)/atmel/studio/7.0/toolchain/arm/arm-gnu-toolchain/bin/../lib/gcc/arm-none-eabi/4.9.3/armv6-m\libgcc.a(_udivsi3.o) (__aeabi_idiv0)
c:/program files (x86)/atmel/studio/7.0/toolchain/arm/arm-gnu-toolchain/bin/../lib/gcc/arm-none-eabi/4.9.3/armv6-m\libgcc.a(_muldi3.o)
                              src/ASF/sam0/drivers/sercom/sercom.o (__aeabi_lmul)
c:/program files (x86)/atmel/studio/7.0/toolchain/arm/arm-gnu-toolchain/bin/../lib/gcc/arm-none-eabi/4.9.3/../../../../arm-none-eabi/lib/armv6-m\libc_nano.a(lib_a-exit.o)
                              c:/program files (x86)/atmel/studio/7.0/toolchain/arm/arm-gnu-toolchain/bin/../lib/gcc/arm-none-eabi/4.9.3/../../../../arm-none-eabi/lib/armv6-m/crt0.o (exit)
c:/program files (x86)/atmel/studio/7.0/toolchain/arm/arm-gnu-toolchain/bin/../lib/gcc/arm-none-eabi/4.9.3/../../../../arm-none-eabi/lib/armv6-m\libc_nano.a(lib_a-impure.o)
                              c:/program files (x86)/atmel/studio/7.0/toolchain/arm/arm-gnu-toolchain/bin/../lib/gcc/arm-none-eabi/4.9.3/../../../../arm-none-eabi/lib/armv6-m\libc_nano.a(lib_a-exit.o) (_global_impure_ptr)
c:/program files (x86)/atmel/studio/7.0/toolchain/arm/arm-gnu-toolchain/bin/../lib/gcc/arm-none-eabi/4.9.3/../../../../arm-none-eabi/lib/armv6-m\libc_nano.a(lib_a-init.o)
                              c:/program files (x86)/atmel/studio/7.0/toolchain/arm/arm-gnu-toolchain/bin/../lib/gcc/arm-none-eabi/4.9.3/../../../../arm-none-eabi/lib/armv6-m/crt0.o (__libc_init_array)
c:/program files (x86)/atmel/studio/7.0/toolchain/arm/arm-gnu-toolchain/bin/../lib/gcc/arm-none-eabi/4.9.3/../../../../arm-none-eabi/lib/armv6-m\libc_nano.a(lib_a-memcpy.o)
                              src/ASF/sam0/drivers/sercom/sercom_interrupt.o (memcpy)
c:/program files (x86)/atmel/studio/7.0/toolchain/arm/arm-gnu-toolchain/bin/../lib/gcc/arm-none-eabi/4.9.3/../../../../arm-none-eabi/lib/armv6-m\libc_nano.a(lib_a-memset.o)
                              c:/program files (x86)/atmel/studio/7.0/toolchain/arm/arm-gnu-toolchain/bin/../lib/gcc/arm-none-eabi/4.9.3/../../../../arm-none-eabi/lib/armv6-m/crt0.o (memset)
c:/program files (x86)/atmel/studio/7.0/toolchain/arm/arm-gnu-toolchain/bin/../lib/gcc/arm-none-eabi/4.9.3/../../../../arm-none-eabi/lib/armv6-m\libc_nano.a(lib_a-printf.o)
                              src/ASF/sam0/utils/syscalls/gcc/syscalls.o (printf)
c:/program files (x86)/atmel/studio/7.0/toolchain/arm/arm-gnu-toolchain/bin/../lib/gcc/arm-none-eabi/4.9.3/../../../../arm-none-eabi/lib/armv6-m\libc_nano.a(lib_a-putchar.o)
                              src/main.o (putchar)
c:/program files (x86)/atmel/studio/7.0/toolchain/arm/arm-gnu-toolchain/bin/../lib/gcc/arm-none-eabi/4.9.3/../../../../arm-none-eabi/lib/armv6-m\libc_nano.a(lib_a-setbuf.o)
                              src/main.o (setbuf)
c:/program files (x86)/atmel/studio/7.0/toolchain/arm/arm-gnu-toolchain/bin/../lib/gcc/arm-none-eabi/4.9.3/../../../../arm-none-eabi/lib/armv6-m\libc_nano.a(lib_a-setvbuf.o)
                              c:/program files (x86)/atmel/studio/7.0/toolchain/arm/arm-gnu-toolchain/bin/../lib/gcc/arm-none-eabi/4.9.3/../../../../arm-none-eabi/lib/armv6-m\libc_nano.a(lib_a-setbuf.o) (setvbuf)
c:/program files (x86)/atmel/studio/7.0/toolchain/arm/arm-gnu-toolchain/bin/../lib/gcc/arm-none-eabi/4.9.3/../../../../arm-none-eabi/lib/armv6-m\libc_nano.a(lib_a-fflush.o)
                              c:/program files (x86)/atmel/studio/7.0/toolchain/arm/arm-gnu-toolchain/bin/../lib/gcc/arm-none-eabi/4.9.3/../../../../arm-none-eabi/lib/armv6-m\libc_nano.a(lib_a-setvbuf.o) (_fflush_r)
c:/program files (x86)/atmel/studio/7.0/toolchain/arm/arm-gnu-toolchain/bin/../lib/gcc/arm-none-eabi/4.9.3/../../../../arm-none-eabi/lib/armv6-m\libc_nano.a(lib_a-findfp.o)
                              c:/program files (x86)/atmel/studio/7.0/toolchain/arm/arm-gnu-toolchain/bin/../lib/gcc/arm-none-eabi/4.9.3/../../../../arm-none-eabi/lib/armv6-m\libc_nano.a(lib_a-setvbuf.o) (_cleanup_r)
c:/program files (x86)/atmel/studio/7.0/toolchain/arm/arm-gnu-toolchain/bin/../lib/gcc/arm-none-eabi/4.9.3/../../../../arm-none-eabi/lib/armv6-m\libc_nano.a(lib_a-fwalk.o)
                              c:/program files (x86)/atmel/studio/7.0/toolchain/arm/arm-gnu-toolchain/bin/../lib/gcc/arm-none-eabi/4.9.3/../../../../arm-none-eabi/lib/armv6-m\libc_nano.a(lib_a-findfp.o) (_fwalk)
c:/program files (x86)/atmel/studio/7.0/toolchain/arm/arm-gnu-toolchain/bin/../lib/gcc/arm-none-eabi/4.9.3/../../../../arm-none-eabi/lib/armv6-m\libc_nano.a(lib_a-malloc.o)
[...]
Memory Configuration

Name             Origin             Length             Attributes
rom              0x00000000         0x00040000         xr
ram              0x20000000         0x00008000         xrw
*default*        0x00000000         0xffffffff

Linker script and memory map

LOAD c:/program files (x86)/atmel/studio/7.0/toolchain/arm/arm-gnu-toolchain/bin/../lib/gcc/arm-none-eabi/4.9.3/armv6-m/crti.o
LOAD c:/program files (x86)/atmel/studio/7.0/toolchain/arm/arm-gnu-toolchain/bin/../lib/gcc/arm-none-eabi/4.9.3/armv6-m/crtbegin.o
LOAD c:/program files (x86)/atmel/studio/7.0/toolchain/arm/arm-gnu-toolchain/bin/../lib/gcc/arm-none-eabi/4.9.3/../../../../arm-none-eabi/lib/armv6-m/crt0.o
LOAD src/ASF/sam0/drivers/sercom/sercom.o
LOAD src/ASF/sam0/utils/stdio/read.o
LOAD src/ASF/sam0/utils/stdio/write.o
LOAD src/extUSART.o
LOAD src/ASF/sam0/drivers/sercom/usart/usart.o
LOAD src/ASF/sam0/drivers/sercom/usart/usart_interrupt.o
LOAD src/ASF/sam0/drivers/sercom/sercom_interrupt.o
LOAD src/ASF/common/utils/interrupt/interrupt_sam_nvic.o
LOAD src/ASF/sam0/boards/samd21_xplained_pro/board_init.o
LOAD src/ASF/sam0/drivers/port/port.o
LOAD src/ASF/sam0/drivers/system/clock/clock_samd21_r21_da/clock.o
LOAD src/ASF/sam0/drivers/system/clock/clock_samd21_r21_da/gclk.o
LOAD src/ASF/sam0/drivers/system/interrupt/system_interrupt.o
LOAD src/ASF/sam0/drivers/system/pinmux/pinmux.o
LOAD src/ASF/sam0/drivers/system/system.o
LOAD src/ASF/sam0/utils/cmsis/samd21/source/gcc/startup_samd21.o
LOAD src/ASF/sam0/utils/cmsis/samd21/source/system_samd21.o
LOAD src/ASF/sam0/utils/syscalls/gcc/syscalls.o
LOAD src/main.o
START GROUP
LOAD ../src/ASF/thirdparty/CMSIS/Lib/GCC\libarm_cortexM0l_math.a
LOAD c:/program files (x86)/atmel/studio/7.0/toolchain/arm/arm-gnu-toolchain/bin/../lib/gcc/arm-none-eabi/4.9.3/../../../../arm-none-eabi/lib/armv6-m\libm.a
END GROUP
START GROUP
LOAD c:/program files (x86)/atmel/studio/7.0/toolchain/arm/arm-gnu-toolchain/bin/../lib/gcc/arm-none-eabi/4.9.3/armv6-m\libgcc.a
LOAD c:/program files (x86)/atmel/studio/7.0/toolchain/arm/arm-gnu-toolchain/bin/../lib/gcc/arm-none-eabi/4.9.3/../../../../arm-none-eabi/lib/armv6-m\libc_nano.a
END GROUP
START GROUP
LOAD c:/program files (x86)/atmel/studio/7.0/toolchain/arm/arm-gnu-toolchain/bin/../lib/gcc/arm-none-eabi/4.9.3/armv6-m\libgcc.a
LOAD c:/program files (x86)/atmel/studio/7.0/toolchain/arm/arm-gnu-toolchain/bin/../lib/gcc/arm-none-eabi/4.9.3/../../../../arm-none-eabi/lib/armv6-m\libc_nano.a
END GROUP
LOAD c:/program files (x86)/atmel/studio/7.0/toolchain/arm/arm-gnu-toolchain/bin/../lib/gcc/arm-none-eabi/4.9.3/armv6-m/crtend.o
LOAD c:/program files (x86)/atmel/studio/7.0/toolchain/arm/arm-gnu-toolchain/bin/../lib/gcc/arm-none-eabi/4.9.3/armv6-m/crtn.o
                0x00002000                STACK_SIZE = DEFINED (STACK_SIZE)?STACK_SIZE:DEFINED (__stack_size__)?__stack_size__:0x2000

.text           0x00000000     0x2a18
                0x00000000                . = ALIGN (0x4)
                0x00000000                _sfixed = .
 *(.vectors .vectors.*)
 .vectors       0x00000000       0xb0 src/ASF/sam0/utils/cmsis/samd21/source/gcc/startup_samd21.o
                0x00000000                exception_table
 *(.text .text.* .gnu.linkonce.t.*)
 .text          0x000000b0       0x60 c:/program files (x86)/atmel/studio/7.0/toolchain/arm/arm-gnu-toolchain/bin/../lib/gcc/arm-none-eabi/4.9.3/armv6-m/crtbegin.o
 .text._sercom_get_sync_baud_val
                0x00000110       0x28 src/ASF/sam0/drivers/sercom/sercom.o
                0x00000110                _sercom_get_sync_baud_val
 .text._sercom_get_async_baud_val
                0x00000138      0x1c8 src/ASF/sam0/drivers/sercom/sercom.o
                0x00000138                _sercom_get_async_baud_val
 .text.sercom_set_gclk_generator
                0x00000300       0x4c src/ASF/sam0/drivers/sercom/sercom.o
                0x00000300                sercom_set_gclk_generator
 .text._sercom_get_default_pad
                0x0000034c      0x188 src/ASF/sam0/drivers/sercom/sercom.o
                0x0000034c                _sercom_get_default_pad
 .text._sercom_get_sercom_inst_index
                0x000004d4       0x3c src/ASF/sam0/drivers/sercom/sercom.o
                0x000004d4                _sercom_get_sercom_inst_index
 .text._read    0x00000510       0x44 src/ASF/sam0/utils/stdio/read.o
                0x00000510                _read
 .text._write   0x00000554       0x50 src/ASF/sam0/utils/stdio/write.o
                0x00000554                _write
 .text.calculate_baud_value
                0x000005a4       0xb8 src/extUSART.o
                0x000005a4                calculate_baud_value
 .text.ext_usart_clock_init
                0x0000065c       0x30 src/extUSART.o
                0x0000065c                ext_usart_clock_init
 .text.ext_usart_pin_init
                0x0000068c       0x40 src/extUSART.o
                0x0000068c                ext_usart_pin_init
 .text.ext_usart_init
                0x000006cc       0x54 src/extUSART.o
                0x000006cc                ext_usart_init
 .text.USART_Receive
                0x00000720       0x18 src/extUSART.o
                0x00000720                USART_Receive
 .text.usart_init
                0x00000738      0x338 src/ASF/sam0/drivers/sercom/usart/usart.o
                0x00000738                usart_init
 .text.usart_write_wait
                0x00000a70       0x2c src/ASF/sam0/drivers/sercom/usart/usart.o
                0x00000a70                usart_write_wait
 .text.usart_read_wait
                0x00000a9c       0x78 src/ASF/sam0/drivers/sercom/usart/usart.o
                0x00000a9c                usart_read_wait
 .text._usart_interrupt_handler
                0x00000b14      0x1a0 src/ASF/sam0/drivers/sercom/usart/usart_interrupt.o
                0x00000b14                _usart_interrupt_handler
 .text._sercom_default_handler
                0x00000cb4        0x4 src/ASF/sam0/drivers/sercom/sercom_interrupt.o
 .text._sercom_set_handler
                0x00000cb8       0x3c src/ASF/sam0/drivers/sercom/sercom_interrupt.o
                0x00000cb8                _sercom_set_handler
 .text._sercom_get_interrupt_vector
                0x00000cf4       0x2c src/ASF/sam0/drivers/sercom/sercom_interrupt.o
                0x00000cf4                _sercom_get_interrupt_vector
 .text.SERCOM0_Handler
                0x00000d20       0x10 src/ASF/sam0/drivers/sercom/sercom_interrupt.o
                0x00000d20                SERCOM0_Handler
 .text.SERCOM1_Handler
                0x00000d30       0x10 src/ASF/sam0/drivers/sercom/sercom_interrupt.o
                0x00000d30                SERCOM1_Handler
 .text.SERCOM2_Handler
                0x00000d40       0x10 src/ASF/sam0/drivers/sercom/sercom_interrupt.o
                0x00000d40                SERCOM2_Handler
 .text.SERCOM3_Handler
                0x00000d50       0x10 src/ASF/sam0/drivers/sercom/sercom_interrupt.o
                0x00000d50                SERCOM3_Handler
 .text.SERCOM4_Handler
                0x00000d60       0x10 src/ASF/sam0/drivers/sercom/sercom_interrupt.o
                0x00000d60                SERCOM4_Handler
 .text.SERCOM5_Handler
                0x00000d70       0x10 src/ASF/sam0/drivers/sercom/sercom_interrupt.o
                0x00000d70                SERCOM5_Handler
 .text.cpu_irq_enter_critical
                0x00000d80       0x40 src/ASF/common/utils/interrupt/interrupt_sam_nvic.o
                0x00000d80                cpu_irq_enter_critical
 .text.cpu_irq_leave_critical
                0x00000dc0       0x30 src/ASF/common/utils/interrupt/interrupt_sam_nvic.o
                0x00000dc0                cpu_irq_leave_critical
 .text.system_board_init
                0x00000df0       0x38 src/ASF/sam0/boards/samd21_xplained_pro/board_init.o
                0x00000df0                board_init
                0x00000df0                system_board_init
 .text.port_pin_set_config
                0x00000e28       0x24 src/ASF/sam0/drivers/port/port.o
                0x00000e28                port_pin_set_config
 .text.system_clock_source_get_hz
                0x00000e4c       0x90 src/ASF/sam0/drivers/system/clock/clock_samd21_r21_da/clock.o
                0x00000e4c                system_clock_source_get_hz
 .text.system_clock_source_osc8m_set_config
                0x00000edc       0x3c src/ASF/sam0/drivers/system/clock/clock_samd21_r21_da/clock.o
                0x00000edc                system_clock_source_osc8m_set_config
 .text.system_clock_source_enable
                0x00000f18       0xa8 src/ASF/sam0/drivers/system/clock/clock_samd21_r21_da/clock.o
                0x00000f18                system_clock_source_enable
 .text.system_clock_init
                0x00000fc0       0xbc src/ASF/sam0/drivers/system/clock/clock_samd21_r21_da/clock.o
                0x00000fc0                system_clock_init
 .text.system_gclk_init
                0x0000107c       0x24 src/ASF/sam0/drivers/system/clock/clock_samd21_r21_da/gclk.o
                0x0000107c                system_gclk_init
 .text.system_gclk_gen_set_config
                0x000010a0       0xb8 src/ASF/sam0/drivers/system/clock/clock_samd21_r21_da/gclk.o
                0x000010a0                system_gclk_gen_set_config
 .text.system_gclk_gen_enable
                0x00001158       0x44 src/ASF/sam0/drivers/system/clock/clock_samd21_r21_da/gclk.o
                0x00001158                system_gclk_gen_enable
 .text.system_gclk_gen_get_hz
                0x0000119c       0x8c src/ASF/sam0/drivers/system/clock/clock_samd21_r21_da/gclk.o
                0x0000119c                system_gclk_gen_get_hz
 .text.system_gclk_chan_enable
                0x00001228       0x30 src/ASF/sam0/drivers/system/clock/clock_samd21_r21_da/gclk.o
                0x00001228                system_gclk_chan_enable
 .text.system_gclk_chan_disable
                0x00001258       0x5c src/ASF/sam0/drivers/system/clock/clock_samd21_r21_da/gclk.o
                0x00001258                system_gclk_chan_disable
 .text.system_gclk_chan_set_config
                0x000012b4       0x1c src/ASF/sam0/drivers/system/clock/clock_samd21_r21_da/gclk.o
                0x000012b4                system_gclk_chan_set_config
 .text.system_gclk_chan_get_hz
                0x000012d0       0x34 src/ASF/sam0/drivers/system/clock/clock_samd21_r21_da/gclk.o
                0x000012d0                system_gclk_chan_get_hz
 .text._system_pinmux_config
                0x00001304       0xa8 src/ASF/sam0/drivers/system/pinmux/pinmux.o
 .text.system_pinmux_pin_set_config
                0x000013ac       0x30 src/ASF/sam0/drivers/system/pinmux/pinmux.o
                0x000013ac                system_pinmux_pin_set_config
 .text._system_dummy_init
                0x000013dc        0x4 src/ASF/sam0/drivers/system/system.o
                0x000013dc                _system_extint_init
                0x000013dc                _system_events_init
                0x000013dc                _system_dummy_init
                0x000013dc                _system_divas_init
 .text.system_init
                0x000013e0       0x2c src/ASF/sam0/drivers/system/system.o
                0x000013e0                system_init
 .text.Dummy_Handler
                0x0000140c        0x4 src/ASF/sam0/utils/cmsis/samd21/source/gcc/startup_samd21.o
                0x0000140c                DMAC_Handler
                0x0000140c                HardFault_Handler
                0x0000140c                AC_Handler
                0x0000140c                SysTick_Handler
                0x0000140c                PendSV_Handler
                0x0000140c                NMI_Handler
                0x0000140c                TC7_Handler
                0x0000140c                ADC_Handler
                0x0000140c                TCC1_Handler
                0x0000140c                TCC0_Handler
                0x0000140c                RTC_Handler
                0x0000140c                EIC_Handler
                0x0000140c                TC6_Handler
                0x0000140c                WDT_Handler
                0x0000140c                TC4_Handler
                0x0000140c                USB_Handler
                0x0000140c                TC3_Handler
                0x0000140c                Dummy_Handler
                0x0000140c                PM_Handler
                0x0000140c                SVC_Handler
                0x0000140c                TCC2_Handler
                0x0000140c                EVSYS_Handler
                0x0000140c                I2S_Handler
                0x0000140c                NVMCTRL_Handler
                0x0000140c                DAC_Handler
                0x0000140c                PTC_Handler
                0x0000140c                TC5_Handler
                0x0000140c                SYSCTRL_Handler
 .text.Reset_Handler
                0x00001410       0xf8 src/ASF/sam0/utils/cmsis/samd21/source/gcc/startup_samd21.o
                0x00001410                Reset_Handler
 .text._sbrk    0x00001508       0x24 src/ASF/sam0/utils/syscalls/gcc/syscalls.o
                0x00001508                _sbrk
 .text._close   0x0000152c        0x8 src/ASF/sam0/utils/syscalls/gcc/syscalls.o
                0x0000152c                _close
 .text._fstat   0x00001534        0xc src/ASF/sam0/utils/syscalls/gcc/syscalls.o
                0x00001534                _fstat
 .text._isatty  0x00001540        0x4 src/ASF/sam0/utils/syscalls/gcc/syscalls.o
                0x00001540                _isatty
 .text._lseek   0x00001544        0x4 src/ASF/sam0/utils/syscalls/gcc/syscalls.o
                0x00001544                _lseek
 .text.usart_serial_getchar
                0x00001548       0x2c src/main.o
 .text.usart_serial_putchar
                0x00001574       0x18 src/main.o
 .text.configure_console
                0x0000158c       0xf4 src/main.o
                0x0000158c                configure_console
 .text.main     0x00001680       0xa0 src/main.o
                0x00001680                main
 .text          0x00001720      0x120 c:/program files (x86)/atmel/studio/7.0/toolchain/arm/arm-gnu-toolchain/bin/../lib/gcc/arm-none-eabi/4.9.3/armv6-m\libgcc.a(_udivsi3.o)
                0x00001720                __aeabi_uidiv
                0x00001720                __udivsi3
                0x0000182c                __aeabi_uidivmod
 .text          0x00001840        0x4 c:/program files (x86)/atmel/studio/7.0/toolchain/arm/arm-gnu-toolchain/bin/../lib/gcc/arm-none-eabi/4.9.3/armv6-m\libgcc.a(_dvmd_tls.o)
                0x00001840                __aeabi_idiv0
                0x00001840                __aeabi_ldiv0
 .text          0x00001844       0x54 c:/program files (x86)/atmel/studio/7.0/toolchain/arm/arm-gnu-toolchain/bin/../lib/gcc/arm-none-eabi/4.9.3/armv6-m\libgcc.a(_muldi3.o)
                0x00001844                __muldi3
                0x00001844                __aeabi_lmul
 .text.__libc_init_array
                0x00001898       0x4c c:/program files (x86)/atmel/studio/7.0/toolchain/arm/arm-gnu-toolchain/bin/../lib/gcc/arm-none-eabi/4.9.3/../../../../arm-none-eabi/lib/armv6-m\libc_nano.a(lib_a-init.o)
                0x00001898                __libc_init_array
 .text.memcpy   0x000018e4       0x12 c:/program files (x86)/atmel/studio/7.0/toolchain/arm/arm-gnu-toolchain/bin/../lib/gcc/arm-none-eabi/4.9.3/../../../../arm-none-eabi/lib/armv6-m\libc_nano.a(lib_a-memcpy.o)
                0x000018e4                memcpy
 .text.memset   0x000018f6       0x10 c:/program files (x86)/atmel/studio/7.0/toolchain/arm/arm-gnu-toolchain/bin/../lib/gcc/arm-none-eabi/4.9.3/../../../../arm-none-eabi/lib/armv6-m\libc_nano.a(lib_a-memset.o)
                0x000018f6                memset
 *fill*         0x00001906        0x2 
 .text.printf   0x00001908       0x34 c:/program files (x86)/atmel/studio/7.0/toolchain/arm/arm-gnu-toolchain/bin/../lib/gcc/arm-none-eabi/4.9.3/../../../../arm-none-eabi/lib/armv6-m\libc_nano.a(lib_a-printf.o)
                0x00001908                iprintf
                0x00001908                printf
 .text.putchar  0x0000193c       0x28 c:/program files (x86)/atmel/studio/7.0/toolchain/arm/arm-gnu-toolchain/bin/../lib/gcc/arm-none-eabi/4.9.3/../../../../arm-none-eabi/lib/armv6-m\libc_nano.a(lib_a-putchar.o)
                0x0000193c                putchar
 .text.setbuf   0x00001964       0x12 c:/program files (x86)/atmel/studio/7.0/toolchain/arm/arm-gnu-toolchain/bin/../lib/gcc/arm-none-eabi/4.9.3/../../../../arm-none-eabi/lib/armv6-m\libc_nano.a(lib_a-setbuf.o)
                0x00001964                setbuf
 *fill*         0x00001976        0x2 
 .text.setvbuf  0x00001978      0x10c c:/program files (x86)/atmel/studio/7.0/toolchain/arm/arm-gnu-toolchain/bin/../lib/gcc/arm-none-eabi/4.9.3/../../../../arm-none-eabi/lib/armv6-m\libc_nano.a(lib_a-setvbuf.o)
                0x00001978                setvbuf
 .text.__sflush_r
                0x00001a84      0x112 c:/program files (x86)/atmel/studio/7.0/toolchain/arm/arm-gnu-toolchain/bin/../lib/gcc/arm-none-eabi/4.9.3/../../../../arm-none-eabi/lib/armv6-m\libc_nano.a(lib_a-fflush.o)
                0x00001a84                __sflush_r
 *fill*         0x00001b96        0x2 
 .text._fflush_r
                0x00001b98       0x58 c:/program files (x86)/atmel/studio/7.0/toolchain/arm/arm-gnu-toolchain/bin/../lib/gcc/arm-none-eabi/4.9.3/../../../../arm-none-eabi/lib/armv6-m\libc_nano.a(lib_a-fflush.o)
                0x00001b98                _fflush_r
 .text._cleanup_r
                0x00001bf0       0x10 c:/program files (x86)/atmel/studio/7.0/toolchain/arm/arm-gnu-toolchain/bin/../lib/gcc/arm-none-eabi/4.9.3/../../../../arm-none-eabi/lib/armv6-m\libc_nano.a(lib_a-findfp.o)
                0x00001bf0                _cleanup_r
 .text.std.isra.0
                0x00001c00       0x48 c:/program files (x86)/atmel/studio/7.0/toolchain/arm/arm-gnu-toolchain/bin/../lib/gcc/arm-none-eabi/4.9.3/../../../../arm-none-eabi/lib/armv6-m\libc_nano.a(lib_a-findfp.o)
 .text.__sfmoreglue
                0x00001c48       0x2c c:/program files (x86)/atmel/studio/7.0/toolchain/arm/arm-gnu-toolchain/bin/../lib/gcc/arm-none-eabi/4.9.3/../../../../arm-none-eabi/lib/armv6-m\libc_nano.a(lib_a-findfp.o)
                0x00001c48                __sfmoreglue
 .text.__sinit  0x00001c74       0x64 c:/program files (x86)/atmel/studio/7.0/toolchain/arm/arm-gnu-toolchain/bin/../lib/gcc/arm-none-eabi/4.9.3/../../../../arm-none-eabi/lib/armv6-m\libc_nano.a(lib_a-findfp.o)
                0x00001c74                __sinit
 .text.__sfp    0x00001cd8       0x7c c:/program files (x86)/atmel/studio/7.0/toolchain/arm/arm-gnu-toolchain/bin/../lib/gcc/arm-none-eabi/4.9.3/../../../../arm-none-eabi/lib/armv6-m\libc_nano.a(lib_a-findfp.o)
                0x00001cd8                __sfp
 .text._fwalk_reent
                0x00001d54       0x42 c:/program files (x86)/atmel/studio/7.0/toolchain/arm/arm-gnu-toolchain/bin/../lib/gcc/arm-none-eabi/4.9.3/../../../../arm-none-eabi/lib/armv6-m\libc_nano.a(lib_a-fwalk.o)
                0x00001d54                _fwalk_reent
 *fill*         0x00001d96        0x2 
 .text.malloc   0x00001d98       0x14 c:/program files (x86)/atmel/studio/7.0/toolchain/arm/arm-gnu-toolchain/bin/../lib/gcc/arm-none-eabi/4.9.3/../../../../arm-none-eabi/lib/armv6-m\libc_nano.a(lib_a-malloc.o)
                0x00001d98                malloc
 .text._free_r  0x00001dac       0x8c c:/program files (x86)/atmel/studio/7.0/toolchain/arm/arm-gnu-toolchain/bin/../lib/gcc/arm-none-eabi/4.9.3/../../../../arm-none-eabi/lib/armv6-m\libc_nano.a(lib_a-nano-freer.o)
                0x00001dac                _free_r
 .text._malloc_r
                0x00001e38       0xb0 c:/program files (x86)/atmel/studio/7.0/toolchain/arm/arm-gnu-toolchain/bin/../lib/gcc/arm-none-eabi/4.9.3/../../../../arm-none-eabi/lib/armv6-m\libc_nano.a(lib_a-nano-mallocr.o)
                0x00001e38                _malloc_r
 .text.__sfputc_r
                0x00001ee8       0x2a c:/program files (x86)/atmel/studio/7.0/toolchain/arm/arm-gnu-toolchain/bin/../lib/gcc/arm-none-eabi/4.9.3/../../../../arm-none-eabi/lib/armv6-m\libc_nano.a(lib_a-nano-vfprintf.o)
 .text.__sfputs_r
                0x00001f12       0x24 c:/program files (x86)/atmel/studio/7.0/toolchain/arm/arm-gnu-toolchain/bin/../lib/gcc/arm-none-eabi/4.9.3/../../../../arm-none-eabi/lib/armv6-m\libc_nano.a(lib_a-nano-vfprintf.o)
                0x00001f12                __sfputs_r
 *fill*         0x00001f36        0x2 
 .text._vfprintf_r
                0x00001f38      0x220 c:/program files (x86)/atmel/studio/7.0/toolchain/arm/arm-gnu-toolchain/bin/../lib/gcc/arm-none-eabi/4.9.3/../../../../arm-none-eabi/lib/armv6-m\libc_nano.a(lib_a-nano-vfprintf.o)
                0x00001f38                _vfprintf_r
                0x00001f38                _vfiprintf_r
 .text._printf_common
                0x00002158       0xdc c:/program files (x86)/atmel/studio/7.0/toolchain/arm/arm-gnu-toolchain/bin/../lib/gcc/arm-none-eabi/4.9.3/../../../../arm-none-eabi/lib/armv6-m\libc_nano.a(lib_a-nano-vfprintf_i.o)
                0x00002158                _printf_common
 .text._printf_i
                0x00002234      0x230 c:/program files (x86)/atmel/studio/7.0/toolchain/arm/arm-gnu-toolchain/bin/../lib/gcc/arm-none-eabi/4.9.3/../../../../arm-none-eabi/lib/armv6-m\libc_nano.a(lib_a-nano-vfprintf_i.o)
                0x00002234                _printf_i
 .text._putc_r  0x00002464       0x78 c:/program files (x86)/atmel/studio/7.0/toolchain/arm/arm-gnu-toolchain/bin/../lib/gcc/arm-none-eabi/4.9.3/../../../../arm-none-eabi/lib/armv6-m\libc_nano.a(lib_a-putc.o)
                0x00002464                _putc_r
 .text._sbrk_r  0x000024dc       0x24 c:/program files (x86)/atmel/studio/7.0/toolchain/arm/arm-gnu-toolchain/bin/../lib/gcc/arm-none-eabi/4.9.3/../../../../arm-none-eabi/lib/armv6-m\libc_nano.a(lib_a-sbrkr.o)
                0x000024dc                _sbrk_r
 .text.__sread  0x00002500       0x28 c:/program files (x86)/atmel/studio/7.0/toolchain/arm/arm-gnu-toolchain/bin/../lib/gcc/arm-none-eabi/4.9.3/../../../../arm-none-eabi/lib/armv6-m\libc_nano.a(lib_a-stdio.o)
                0x00002500                __sread
 .text.__swrite
                0x00002528       0x38 c:/program files (x86)/atmel/studio/7.0/toolchain/arm/arm-gnu-toolchain/bin/../lib/gcc/arm-none-eabi/4.9.3/../../../../arm-none-eabi/lib/armv6-m\libc_nano.a(lib_a-stdio.o)
                0x00002528                __swrite
 .text.__sseek  0x00002560       0x2c c:/program files (x86)/atmel/studio/7.0/toolchain/arm/arm-gnu-toolchain/bin/../lib/gcc/arm-none-eabi/4.9.3/../../../../arm-none-eabi/lib/armv6-m\libc_nano.a(lib_a-stdio.o)
                0x00002560                __sseek
 .text.__sclose
                0x0000258c        0xc c:/program files (x86)/atmel/studio/7.0/toolchain/arm/arm-gnu-toolchain/bin/../lib/gcc/arm-none-eabi/4.9.3/../../../../arm-none-eabi/lib/armv6-m\libc_nano.a(lib_a-stdio.o)
                0x0000258c                __sclose
 .text.__swbuf_r
                0x00002598       0xb0 c:/program files (x86)/atmel/studio/7.0/toolchain/arm/arm-gnu-toolchain/bin/../lib/gcc/arm-none-eabi/4.9.3/../../../../arm-none-eabi/lib/armv6-m\libc_nano.a(lib_a-wbuf.o)
                0x00002598                __swbuf_r
 .text._write_r
                0x00002648       0x28 c:/program files (x86)/atmel/studio/7.0/toolchain/arm/arm-gnu-toolchain/bin/../lib/gcc/arm-none-eabi/4.9.3/../../../../arm-none-eabi/lib/armv6-m\libc_nano.a(lib_a-writer.o)
                0x00002648                _write_r
 .text.__swsetup_r
                0x00002670       0xe8 c:/program files (x86)/atmel/studio/7.0/toolchain/arm/arm-gnu-toolchain/bin/../lib/gcc/arm-none-eabi/4.9.3/../../../../arm-none-eabi/lib/armv6-m\libc_nano.a(lib_a-wsetup.o)
                0x00002670                __swsetup_r
 .text._close_r
                0x00002758       0x24 c:/program files (x86)/atmel/studio/7.0/toolchain/arm/arm-gnu-toolchain/bin/../lib/gcc/arm-none-eabi/4.9.3/../../../../arm-none-eabi/lib/armv6-m\libc_nano.a(lib_a-closer.o)
                0x00002758                _close_r
 .text._lseek_r
                0x0000277c       0x28 c:/program files (x86)/atmel/studio/7.0/toolchain/arm/arm-gnu-toolchain/bin/../lib/gcc/arm-none-eabi/4.9.3/../../../../arm-none-eabi/lib/armv6-m\libc_nano.a(lib_a-lseekr.o)
                0x0000277c                _lseek_r
 .text.__smakebuf_r
                0x000027a4       0xb0 c:/program files (x86)/atmel/studio/7.0/toolchain/arm/arm-gnu-toolchain/bin/../lib/gcc/arm-none-eabi/4.9.3/../../../../arm-none-eabi/lib/armv6-m\libc_nano.a(lib_a-makebuf.o)
                0x000027a4                __smakebuf_r
 .text.memchr   0x00002854       0x16 c:/program files (x86)/atmel/studio/7.0/toolchain/arm/arm-gnu-toolchain/bin/../lib/gcc/arm-none-eabi/4.9.3/../../../../arm-none-eabi/lib/armv6-m\libc_nano.a(lib_a-memchr.o)
                0x00002854                memchr
 *fill*         0x0000286a        0x2 
 .text._read_r  0x0000286c       0x28 c:/program files (x86)/atmel/studio/7.0/toolchain/arm/arm-gnu-toolchain/bin/../lib/gcc/arm-none-eabi/4.9.3/../../../../arm-none-eabi/lib/armv6-m\libc_nano.a(lib_a-readr.o)
                0x0000286c                _read_r
 .text._fstat_r
                0x00002894       0x24 c:/program files (x86)/atmel/studio/7.0/toolchain/arm/arm-gnu-toolchain/bin/../lib/gcc/arm-none-eabi/4.9.3/../../../../arm-none-eabi/lib/armv6-m\libc_nano.a(lib_a-fstatr.o)
                0x00002894                _fstat_r
 .text._isatty_r
                0x000028b8       0x24 c:/program files (x86)/atmel/studio/7.0/toolchain/arm/arm-gnu-toolchain/bin/../lib/gcc/arm-none-eabi/4.9.3/../../../../arm-none-eabi/lib/armv6-m\libc_nano.a(lib_a-isattyr.o)
                0x000028b8                _isatty_r
 *(.glue_7t)
 .glue_7t       0x00000000        0x0 linker stubs
 *(.glue_7)
 .glue_7        0x00000000        0x0 linker stubs
 *(.rodata .rodata* .gnu.linkonce.r.*)
 .rodata        0x000028dc       0x18 src/ASF/sam0/drivers/sercom/sercom.o
 .rodata        0x000028f4        0x6 src/ASF/sam0/drivers/sercom/sercom_interrupt.o
 *fill*         0x000028fa        0x2 
 .rodata.system_clock_source_get_hz
                0x000028fc       0x24 src/ASF/sam0/drivers/system/clock/clock_samd21_r21_da/clock.o
 .rodata.system_clock_source_enable
                0x00002920       0x24 src/ASF/sam0/drivers/system/clock/clock_samd21_r21_da/clock.o
 .rodata.str1.4
                0x00002944       0x18 src/main.o
                                 0x17 (size before relaxing)
 .rodata.str1.1
                0x0000295c        0x2 c:/program files (x86)/atmel/studio/7.0/toolchain/arm/arm-gnu-toolchain/bin/../lib/gcc/arm-none-eabi/4.9.3/../../../../arm-none-eabi/lib/armv6-m\libc_nano.a(lib_a-impure.o)
 *fill*         0x0000295e        0x2 
 .rodata._global_impure_ptr
                0x00002960        0x4 c:/program files (x86)/atmel/studio/7.0/toolchain/arm/arm-gnu-toolchain/bin/../lib/gcc/arm-none-eabi/4.9.3/../../../../arm-none-eabi/lib/armv6-m\libc_nano.a(lib_a-impure.o)
                0x00002960                _global_impure_ptr
 .rodata.__sf_fake_stdin
                0x00002964       0x20 c:/program files (x86)/atmel/studio/7.0/toolchain/arm/arm-gnu-toolchain/bin/../lib/gcc/arm-none-eabi/4.9.3/../../../../arm-none-eabi/lib/armv6-m\libc_nano.a(lib_a-findfp.o)
                0x00002964                __sf_fake_stdin
 .rodata.__sf_fake_stdout
                0x00002984       0x20 c:/program files (x86)/atmel/studio/7.0/toolchain/arm/arm-gnu-toolchain/bin/../lib/gcc/arm-none-eabi/4.9.3/../../../../arm-none-eabi/lib/armv6-m\libc_nano.a(lib_a-findfp.o)
                0x00002984                __sf_fake_stdout
 .rodata.__sf_fake_stderr
                0x000029a4       0x20 c:/program files (x86)/atmel/studio/7.0/toolchain/arm/arm-gnu-toolchain/bin/../lib/gcc/arm-none-eabi/4.9.3/../../../../arm-none-eabi/lib/armv6-m\libc_nano.a(lib_a-findfp.o)
                0x000029a4                __sf_fake_stderr
 .rodata.str1.1
                0x000029c4       0x11 c:/program files (x86)/atmel/studio/7.0/toolchain/arm/arm-gnu-toolchain/bin/../lib/gcc/arm-none-eabi/4.9.3/../../../../arm-none-eabi/lib/armv6-m\libc_nano.a(lib_a-nano-vfprintf.o)
 .rodata.str1.1
                0x000029d5       0x22 c:/program files (x86)/atmel/studio/7.0/toolchain/arm/arm-gnu-toolchain/bin/../lib/gcc/arm-none-eabi/4.9.3/../../../../arm-none-eabi/lib/armv6-m\libc_nano.a(lib_a-nano-vfprintf_i.o)
 *(.ARM.extab* .gnu.linkonce.armextab.*)
                0x000029f8                . = ALIGN (0x4)
 *fill*         0x000029f7        0x1 
 *(.init)
 .init          0x000029f8        0x4 c:/program files (x86)/atmel/studio/7.0/toolchain/arm/arm-gnu-toolchain/bin/../lib/gcc/arm-none-eabi/4.9.3/armv6-m/crti.o
                0x000029f8                _init
 .init          0x000029fc        0x8 c:/program files (x86)/atmel/studio/7.0/toolchain/arm/arm-gnu-toolchain/bin/../lib/gcc/arm-none-eabi/4.9.3/armv6-m/crtn.o
                0x00002a04                . = ALIGN (0x4)
                0x00002a04                __preinit_array_start = .
 *(.preinit_array)
                0x00002a04                __preinit_array_end = .
                0x00002a04                . = ALIGN (0x4)
                0x00002a04                __init_array_start = .
 *(SORT(.init_array.*))
 *(.init_array)
 .init_array    0x00002a04        0x4 c:/program files (x86)/atmel/studio/7.0/toolchain/arm/arm-gnu-toolchain/bin/../lib/gcc/arm-none-eabi/4.9.3/armv6-m/crtbegin.o
                0x00002a08                __init_array_end = .
                0x00002a08                . = ALIGN (0x4)
 *crtbegin.o(.ctors)
 *(EXCLUDE_FILE(*crtend.o) .ctors)
 *(SORT(.ctors.*))
 *crtend.o(.ctors)
                0x00002a08                . = ALIGN (0x4)
 *(.fini)
 .fini          0x00002a08        0x4 c:/program files (x86)/atmel/studio/7.0/toolchain/arm/arm-gnu-toolchain/bin/../lib/gcc/arm-none-eabi/4.9.3/armv6-m/crti.o
                0x00002a08                _fini
 .fini          0x00002a0c        0x8 c:/program files (x86)/atmel/studio/7.0/toolchain/arm/arm-gnu-toolchain/bin/../lib/gcc/arm-none-eabi/4.9.3/armv6-m/crtn.o
                0x00002a14                . = ALIGN (0x4)
                0x00002a14                __fini_array_start = .
 *(.fini_array)
 .fini_array    0x00002a14        0x4 c:/program files (x86)/atmel/studio/7.0/toolchain/arm/arm-gnu-toolchain/bin/../lib/gcc/arm-none-eabi/4.9.3/armv6-m/crtbegin.o
 *(SORT(.fini_array.*))
                0x00002a18                __fini_array_end = .
 *crtbegin.o(.dtors)
 *(EXCLUDE_FILE(*crtend.o) .dtors)
 *(SORT(.dtors.*))
 *crtend.o(.dtors)
                0x00002a18                . = ALIGN (0x4)
                0x00002a18                _efixed = .
                0x00002a18                PROVIDE (__exidx_start, .)

.vfp11_veneer   0x00002a18        0x0
 .vfp11_veneer  0x00000000        0x0 linker stubs

.v4_bx          0x00002a18        0x0
 .v4_bx         0x00000000        0x0 linker stubs

.iplt           0x00002a18        0x0
 .iplt          0x00000000        0x0 c:/program files (x86)/atmel/studio/7.0/toolchain/arm/arm-gnu-toolchain/bin/../lib/gcc/arm-none-eabi/4.9.3/armv6-m/crtbegin.o

.eh_frame       0x00002a18        0x0
 .eh_frame      0x00002a18        0x0 c:/program files (x86)/atmel/studio/7.0/toolchain/arm/arm-gnu-toolchain/bin/../lib/gcc/arm-none-eabi/4.9.3/armv6-m/crtbegin.o

.rel.dyn        0x00002a18        0x0
 .rel.iplt      0x00000000        0x0 c:/program files (x86)/atmel/studio/7.0/toolchain/arm/arm-gnu-toolchain/bin/../lib/gcc/arm-none-eabi/4.9.3/armv6-m/crtbegin.o

.jcr            0x00002a18        0x0
 .jcr           0x00002a18        0x0 c:/program files (x86)/atmel/studio/7.0/toolchain/arm/arm-gnu-toolchain/bin/../lib/gcc/arm-none-eabi/4.9.3/armv6-m/crtbegin.o

.igot.plt       0x00002a18        0x0
 .igot.plt      0x00000000        0x0 c:/program files (x86)/atmel/studio/7.0/toolchain/arm/arm-gnu-toolchain/bin/../lib/gcc/arm-none-eabi/4.9.3/armv6-m/crtbegin.o

.ARM.exidx
 *(.ARM.exidx* .gnu.linkonce.armexidx.*)
                0x00002a18                PROVIDE (__exidx_end, .)
                0x00002a18                . = ALIGN (0x4)
                0x00002a18                _etext = .

.relocate       0x20000000       0x68 load address 0x00002a18
                0x20000000                . = ALIGN (0x4)
                0x20000000                _srelocate = .
 *(.ramfunc .ramfunc.*)
 *(.data .data.*)
 .data.g_interrupt_enabled
                0x20000000        0x1 src/ASF/common/utils/interrupt/interrupt_sam_nvic.o
                0x20000000                g_interrupt_enabled
 *fill*         0x20000001        0x3 
 .data.impure_data
                0x20000004       0x60 c:/program files (x86)/atmel/studio/7.0/toolchain/arm/arm-gnu-toolchain/bin/../lib/gcc/arm-none-eabi/4.9.3/../../../../arm-none-eabi/lib/armv6-m\libc_nano.a(lib_a-impure.o)
 .data._impure_ptr
                0x20000064        0x4 c:/program files (x86)/atmel/studio/7.0/toolchain/arm/arm-gnu-toolchain/bin/../lib/gcc/arm-none-eabi/4.9.3/../../../../arm-none-eabi/lib/armv6-m\libc_nano.a(lib_a-impure.o)
                0x20000064                _impure_ptr
                0x20000068                . = ALIGN (0x4)
                0x20000068                _erelocate = .

.bss            0x20000068       0xc0 load address 0x00002a80
                0x20000068                . = ALIGN (0x4)
                0x20000068                _sbss = .
                0x20000068                _szero = .
 *(.bss .bss.*)
 .bss           0x20000068       0x1c c:/program files (x86)/atmel/studio/7.0/toolchain/arm/arm-gnu-toolchain/bin/../lib/gcc/arm-none-eabi/4.9.3/armv6-m/crtbegin.o
 .bss._sercom_config
                0x20000084        0x2 src/ASF/sam0/drivers/sercom/sercom.o
 .bss._handler_table_initialized
                0x20000086        0x1 src/ASF/sam0/drivers/sercom/sercom_interrupt.o
 *fill*         0x20000087        0x1 
 .bss._sercom_interrupt_handlers
                0x20000088       0x18 src/ASF/sam0/drivers/sercom/sercom_interrupt.o
 .bss.cpu_irq_critical_section_counter
                0x200000a0        0x4 src/ASF/common/utils/interrupt/interrupt_sam_nvic.o
 .bss.cpu_irq_prev_interrupt_state
                0x200000a4        0x1 src/ASF/common/utils/interrupt/interrupt_sam_nvic.o
 *fill*         0x200000a5        0x3 
 .bss._system_clock_inst
                0x200000a8       0x18 src/ASF/sam0/drivers/system/clock/clock_samd21_r21_da/clock.o
 .bss.heap.5211
                0x200000c0        0x4 src/ASF/sam0/utils/syscalls/gcc/syscalls.o
 .bss.__malloc_sbrk_start
                0x200000c4        0x4 c:/program files (x86)/atmel/studio/7.0/toolchain/arm/arm-gnu-toolchain/bin/../lib/gcc/arm-none-eabi/4.9.3/../../../../arm-none-eabi/lib/armv6-m\libc_nano.a(lib_a-nano-mallocr.o)
                0x200000c4                __malloc_sbrk_start
 .bss.__malloc_free_list
                0x200000c8        0x4 c:/program files (x86)/atmel/studio/7.0/toolchain/arm/arm-gnu-toolchain/bin/../lib/gcc/arm-none-eabi/4.9.3/../../../../arm-none-eabi/lib/armv6-m\libc_nano.a(lib_a-nano-mallocr.o)
                0x200000c8                __malloc_free_list
 *(COMMON)
 COMMON         0x200000cc        0x4 src/ASF/sam0/utils/stdio/read.o
                0x200000cc                ptr_get
 COMMON         0x200000d0        0x8 src/ASF/sam0/utils/stdio/write.o
                0x200000d0                ptr_put
                0x200000d4                stdio_base
 COMMON         0x200000d8       0x18 src/ASF/sam0/drivers/sercom/sercom_interrupt.o
                0x200000d8                _sercom_instances
 COMMON         0x200000f0       0x34 src/main.o
                0x200000f0                console_instance
 COMMON         0x20000124        0x4 c:/program files (x86)/atmel/studio/7.0/toolchain/arm/arm-gnu-toolchain/bin/../lib/gcc/arm-none-eabi/4.9.3/../../../../arm-none-eabi/lib/armv6-m\libc_nano.a(lib_a-reent.o)
                0x20000124                errno
                0x20000128                . = ALIGN (0x4)
                0x20000128                _ebss = .
                0x20000128                _ezero = .

.stack          0x20000128     0x2000 load address 0x00002b40
                0x20000128                . = ALIGN (0x8)
                0x20000128                _sstack = .
                0x20002128                . = (. + STACK_SIZE)
 *fill*         0x20000128     0x2000 
                0x20002128                . = ALIGN (0x8)
                0x20002128                _estack = .
                0x20002128                . = ALIGN (0x4)
                0x20002128                _end = .
OUTPUT(DivyaDrishtiMaster.elf elf32-littlearm)

.ARM.attributes
                0x00000000       0x28
 .ARM.attributes
                0x00000000       0x1e c:/program files (x86)/atmel/studio/7.0/toolchain/arm/arm-gnu-toolchain/bin/../lib/gcc/arm-none-eabi/4.9.3/armv6-m/crti.o
 .ARM.attributes
                0x0000001e       0x2c c:/program files (x86)/atmel/studio/7.0/toolchain/arm/arm-gnu-toolchain/bin/../lib/gcc/arm-none-eabi/4.9.3/armv6-m/crtbegin.o
 .ARM.attributes
                0x0000004a       0x32 src/ASF/sam0/drivers/sercom/sercom.o
 .ARM.attributes
                0x0000007c       0x32 src/ASF/sam0/utils/stdio/read.o
 .ARM.attributes
                0x000000ae       0x32 src/ASF/sam0/utils/stdio/write.o
 .ARM.attributes
                0x000000e0       0x32 src/extUSART.o
 .ARM.attributes
                0x00000112       0x32 src/ASF/sam0/drivers/sercom/usart/usart.o
 .ARM.attributes
                0x00000144       0x32 src/ASF/sam0/drivers/sercom/usart/usart_interrupt.o
 .ARM.attributes
                0x00000176       0x32 src/ASF/sam0/drivers/sercom/sercom_interrupt.o
 .ARM.attributes
                0x000001a8       0x32 src/ASF/common/utils/interrupt/interrupt_sam_nvic.o
 .ARM.attributes
                0x000001da       0x32 src/ASF/sam0/boards/samd21_xplained_pro/board_init.o
 .ARM.attributes
                0x0000020c       0x32 src/ASF/sam0/drivers/port/port.o
 .ARM.attributes
                0x0000023e       0x32 src/ASF/sam0/drivers/system/clock/clock_samd21_r21_da/clock.o
 .ARM.attributes
                0x00000270       0x32 src/ASF/sam0/drivers/system/clock/clock_samd21_r21_da/gclk.o
 .ARM.attributes
                0x000002a2       0x32 src/ASF/sam0/drivers/system/pinmux/pinmux.o
 .ARM.attributes
                0x000002d4       0x32 src/ASF/sam0/drivers/system/system.o
 .ARM.attributes
                0x00000306       0x32 src/ASF/sam0/utils/cmsis/samd21/source/gcc/startup_samd21.o
 .ARM.attributes
                0x00000338       0x32 src/ASF/sam0/utils/syscalls/gcc/syscalls.o
 .ARM.attributes
                0x0000036a       0x32 src/main.o
 .ARM.attributes
                0x0000039c       0x1e c:/program files (x86)/atmel/studio/7.0/toolchain/arm/arm-gnu-toolchain/bin/../lib/gcc/arm-none-eabi/4.9.3/armv6-m\libgcc.a(_udivsi3.o)
 .ARM.attributes
                0x000003ba       0x1e c:/program files (x86)/atmel/studio/7.0/toolchain/arm/arm-gnu-toolchain/bin/../lib/gcc/arm-none-eabi/4.9.3/armv6-m\libgcc.a(_dvmd_tls.o)
 .ARM.attributes
                0x000003d8       0x2c c:/program files (x86)/atmel/studio/7.0/toolchain/arm/arm-gnu-toolchain/bin/../lib/gcc/arm-none-eabi/4.9.3/armv6-m\libgcc.a(_muldi3.o)
 .ARM.attributes
                0x00000404       0x2c c:/program files (x86)/atmel/studio/7.0/toolchain/arm/arm-gnu-toolchain/bin/../lib/gcc/arm-none-eabi/4.9.3/../../../../arm-none-eabi/lib/armv6-m\libc_nano.a(lib_a-impure.o)
 .ARM.attributes
                0x00000430       0x2c c:/program files (x86)/atmel/studio/7.0/toolchain/arm/arm-gnu-toolchain/bin/../lib/gcc/arm-none-eabi/4.9.3/../../../../arm-none-eabi/lib/armv6-m\libc_nano.a(lib_a-init.o)
 .ARM.attributes
                0x0000045c       0x2c c:/program files (x86)/atmel/studio/7.0/toolchain/arm/arm-gnu-toolchain/bin/../lib/gcc/arm-none-eabi/4.9.3/../../../../arm-none-eabi/lib/armv6-m\libc_nano.a(lib_a-memcpy.o)
 .ARM.attributes
                0x00000488       0x2c c:/program files (x86)/atmel/studio/7.0/toolchain/arm/arm-gnu-toolchain/bin/../lib/gcc/arm-none-eabi/4.9.3/../../../../arm-none-eabi/lib/armv6-m\libc_nano.a(lib_a-memset.o)
 .ARM.attributes
                0x000004b4       0x2c c:/program files (x86)/atmel/studio/7.0/toolchain/arm/arm-gnu-toolchain/bin/../lib/gcc/arm-none-eabi/4.9.3/../../../../arm-none-eabi/lib/armv6-m\libc_nano.a(lib_a-printf.o)
 .ARM.attributes
                0x000004e0       0x2c c:/program files (x86)/atmel/studio/7.0/toolchain/arm/arm-gnu-toolchain/bin/../lib/gcc/arm-none-eabi/4.9.3/../../../../arm-none-eabi/lib/armv6-m\libc_nano.a(lib_a-putchar.o)
 .ARM.attributes
                0x0000050c       0x2c c:/program files (x86)/atmel/studio/7.0/toolchain/arm/arm-gnu-toolchain/bin/../lib/gcc/arm-none-eabi/4.9.3/../../../../arm-none-eabi/lib/armv6-m\libc_nano.a(lib_a-setbuf.o)
 .ARM.attributes
                0x00000538       0x2c c:/program files (x86)/atmel/studio/7.0/toolchain/arm/arm-gnu-toolchain/bin/../lib/gcc/arm-none-eabi/4.9.3/../../../../arm-none-eabi/lib/armv6-m\libc_nano.a(lib_a-setvbuf.o)
 .ARM.attributes
                0x00000564       0x2c c:/program files (x86)/atmel/studio/7.0/toolchain/arm/arm-gnu-toolchain/bin/../lib/gcc/arm-none-eabi/4.9.3/../../../../arm-none-eabi/lib/armv6-m\libc_nano.a(lib_a-fflush.o)
 .ARM.attributes
                0x00000590       0x2c c:/program files (x86)/atmel/studio/7.0/toolchain/arm/arm-gnu-toolchain/bin/../lib/gcc/arm-none-eabi/4.9.3/../../../../arm-none-eabi/lib/armv6-m\libc_nano.a(lib_a-findfp.o)
 .ARM.attributes
                0x000005bc       0x2c c:/program files (x86)/atmel/studio/7.0/toolchain/arm/arm-gnu-toolchain/bin/../lib/gcc/arm-none-eabi/4.9.3/../../../../arm-none-eabi/lib/armv6-m\libc_nano.a(lib_a-fwalk.o)
 .ARM.attributes
                0x000005e8       0x2c c:/program files (x86)/atmel/studio/7.0/toolchain/arm/arm-gnu-toolchain/bin/../lib/gcc/arm-none-eabi/4.9.3/../../../../arm-none-eabi/lib/armv6-m\libc_nano.a(lib_a-malloc.o)
 .ARM.attributes
                0x00000614       0x2c c:/program files (x86)/atmel/studio/7.0/toolchain/arm/arm-gnu-toolchain/bin/../lib/gcc/arm-none-eabi/4.9.3/../../../../arm-none-eabi/lib/armv6-m\libc_nano.a(lib_a-nano-freer.o)
 .ARM.attributes
                0x00000640       0x2c c:/program files (x86)/atmel/studio/7.0/toolchain/arm/arm-gnu-toolchain/bin/../lib/gcc/arm-none-eabi/4.9.3/../../../../arm-none-eabi/lib/armv6-m\libc_nano.a(lib_a-nano-mallocr.o)
 .ARM.attributes
                0x0000066c       0x2c c:/program files (x86)/atmel/studio/7.0/toolchain/arm/arm-gnu-toolchain/bin/../lib/gcc/arm-none-eabi/4.9.3/../../../../arm-none-eabi/lib/armv6-m\libc_nano.a(lib_a-nano-vfprintf.o)
 .ARM.attributes
                0x00000698       0x2c c:/program files (x86)/atmel/studio/7.0/toolchain/arm/arm-gnu-toolchain/bin/../lib/gcc/arm-none-eabi/4.9.3/../../../../arm-none-eabi/lib/armv6-m\libc_nano.a(lib_a-nano-vfprintf_i.o)
 .ARM.attributes
                0x000006c4       0x2c c:/program files (x86)/atmel/studio/7.0/toolchain/arm/arm-gnu-toolchain/bin/../lib/gcc/arm-none-eabi/4.9.3/../../../../arm-none-eabi/lib/armv6-m\libc_nano.a(lib_a-putc.o)
 .ARM.attributes
                0x000006f0       0x2c c:/program files (x86)/atmel/studio/7.0/toolchain/arm/arm-gnu-toolchain/bin/../lib/gcc/arm-none-eabi/4.9.3/../../../../arm-none-eabi/lib/armv6-m\libc_nano.a(lib_a-sbrkr.o)
 .ARM.attributes
                0x0000071c       0x2c c:/program files (x86)/atmel/studio/7.0/toolchain/arm/arm-gnu-toolchain/bin/../lib/gcc/arm-none-eabi/4.9.3/../../../../arm-none-eabi/lib/armv6-m\libc_nano.a(lib_a-stdio.o)
 .ARM.attributes
                0x00000748       0x2c c:/program files (x86)/atmel/studio/7.0/toolchain/arm/arm-gnu-toolchain/bin/../lib/gcc/arm-none-eabi/4.9.3/../../../../arm-none-eabi/lib/armv6-m\libc_nano.a(lib_a-wbuf.o)
 .ARM.attributes
                0x00000774       0x2c c:/program files (x86)/atmel/studio/7.0/toolchain/arm/arm-gnu-toolchain/bin/../lib/gcc/arm-none-eabi/4.9.3/../../../../arm-none-eabi/lib/armv6-m\libc_nano.a(lib_a-writer.o)
 .ARM.attributes
                0x000007a0       0x2c c:/program files (x86)/atmel/studio/7.0/toolchain/arm/arm-gnu-toolchain/bin/../lib/gcc/arm-none-eabi/4.9.3/../../../../arm-none-eabi/lib/armv6-m\libc_nano.a(lib_a-wsetup.o)
 .ARM.attributes
                0x000007cc       0x2c c:/program files (x86)/atmel/studio/7.0/toolchain/arm/arm-gnu-toolchain/bin/../lib/gcc/arm-none-eabi/4.9.3/../../../../arm-none-eabi/lib/armv6-m\libc_nano.a(lib_a-closer.o)
 .ARM.attributes
                0x000007f8       0x2c c:/program files (x86)/atmel/studio/7.0/toolchain/arm/arm-gnu-toolchain/bin/../lib/gcc/arm-none-eabi/4.9.3/../../../../arm-none-eabi/lib/armv6-m\libc_nano.a(lib_a-lseekr.o)
 .ARM.attributes
                0x00000824       0x2c c:/program files (x86)/atmel/studio/7.0/toolchain/arm/arm-gnu-toolchain/bin/../lib/gcc/arm-none-eabi/4.9.3/../../../../arm-none-eabi/lib/armv6-m\libc_nano.a(lib_a-makebuf.o)
 .ARM.attributes
                0x00000850       0x2c c:/program files (x86)/atmel/studio/7.0/toolchain/arm/arm-gnu-toolchain/bin/../lib/gcc/arm-none-eabi/4.9.3/../../../../arm-none-eabi/lib/armv6-m\libc_nano.a(lib_a-memchr.o)
 .ARM.attributes
                0x0000087c       0x2c c:/program files (x86)/atmel/studio/7.0/toolchain/arm/arm-gnu-toolchain/bin/../lib/gcc/arm-none-eabi/4.9.3/../../../../arm-none-eabi/lib/armv6-m\libc_nano.a(lib_a-readr.o)
 .ARM.attributes
                0x000008a8       0x2c c:/program files (x86)/atmel/studio/7.0/toolchain/arm/arm-gnu-toolchain/bin/../lib/gcc/arm-none-eabi/4.9.3/../../../../arm-none-eabi/lib/armv6-m\libc_nano.a(lib_a-reent.o)
 .ARM.attributes
                0x000008d4       0x2c c:/program files (x86)/atmel/studio/7.0/toolchain/arm/arm-gnu-toolchain/bin/../lib/gcc/arm-none-eabi/4.9.3/../../../../arm-none-eabi/lib/armv6-m\libc_nano.a(lib_a-fstatr.o)
 .ARM.attributes
                0x00000900       0x2c c:/program files (x86)/atmel/studio/7.0/toolchain/arm/arm-gnu-toolchain/bin/../lib/gcc/arm-none-eabi/4.9.3/../../../../arm-none-eabi/lib/armv6-m\libc_nano.a(lib_a-isattyr.o)
 .ARM.attributes
                0x0000092c       0x1e c:/program files (x86)/atmel/studio/7.0/toolchain/arm/arm-gnu-toolchain/bin/../lib/gcc/arm-none-eabi/4.9.3/armv6-m/crtn.o

.comment        0x00000000       0x5b
 .comment       0x00000000       0x5b src/ASF/sam0/drivers/sercom/sercom.o
                                 0x5c (size before relaxing)
 .comment       0x00000000       0x5c src/ASF/sam0/utils/stdio/read.o
 .comment       0x00000000       0x5c src/ASF/sam0/utils/stdio/write.o
 .comment       0x00000000       0x5c src/extUSART.o
 .comment       0x00000000       0x5c src/ASF/sam0/drivers/sercom/usart/usart.o
 .comment       0x00000000       0x5c src/ASF/sam0/drivers/sercom/usart/usart_interrupt.o
 .comment       0x00000000       0x5c src/ASF/sam0/drivers/sercom/sercom_interrupt.o
 .comment       0x00000000       0x5c src/ASF/common/utils/interrupt/interrupt_sam_nvic.o
 .comment       0x00000000       0x5c src/ASF/sam0/boards/samd21_xplained_pro/board_init.o
 .comment       0x00000000       0x5c src/ASF/sam0/drivers/port/port.o
 .comment       0x00000000       0x5c src/ASF/sam0/drivers/system/clock/clock_samd21_r21_da/clock.o
 .comment       0x00000000       0x5c src/ASF/sam0/drivers/system/clock/clock_samd21_r21_da/gclk.o
 .comment       0x00000000       0x5c src/ASF/sam0/drivers/system/pinmux/pinmux.o
 .comment       0x00000000       0x5c src/ASF/sam0/drivers/system/system.o
 .comment       0x00000000       0x5c src/ASF/sam0/utils/cmsis/samd21/source/gcc/startup_samd21.o
 .comment       0x00000000       0x5c src/ASF/sam0/utils/syscalls/gcc/syscalls.o
 .comment       0x00000000       0x5c src/main.o

.debug_info     0x00000000    0x1c893
 .debug_info    0x00000000     0x2545 src/ASF/sam0/drivers/sercom/sercom.o
 .debug_info    0x00002545      0x1c2 src/ASF/sam0/utils/stdio/read.o
 .debug_info    0x00002707      0x1bf src/ASF/sam0/utils/stdio/write.o
 .debug_info    0x000028c6     0x3c28 src/extUSART.o
 .debug_info    0x000064ee     0x4155 src/ASF/sam0/drivers/sercom/usart/usart.o
 .debug_info    0x0000a643     0x277b src/ASF/sam0/drivers/sercom/usart/usart_interrupt.o
 .debug_info    0x0000cdbe     0x2335 src/ASF/sam0/drivers/sercom/sercom_interrupt.o
 .debug_info    0x0000f0f3      0x1ec src/ASF/common/utils/interrupt/interrupt_sam_nvic.o
 .debug_info    0x0000f2df      0x970 src/ASF/sam0/boards/samd21_xplained_pro/board_init.o
 .debug_info    0x0000fc4f      0x968 src/ASF/sam0/drivers/port/port.o
 .debug_info    0x000105b7     0x2e07 src/ASF/sam0/drivers/system/clock/clock_samd21_r21_da/clock.o
 .debug_info    0x000133be     0x1556 src/ASF/sam0/drivers/system/clock/clock_samd21_r21_da/gclk.o
 .debug_info    0x00014914      0xa47 src/ASF/sam0/drivers/system/pinmux/pinmux.o
 .debug_info    0x0001535b      0x17a src/ASF/sam0/drivers/system/system.o
 .debug_info    0x000154d5     0x3a6d src/ASF/sam0/utils/cmsis/samd21/source/gcc/startup_samd21.o
 .debug_info    0x00018f42      0x427 src/ASF/sam0/utils/syscalls/gcc/syscalls.o
 .debug_info    0x00019369     0x352a src/main.o

.debug_abbrev   0x00000000     0x293c
 .debug_abbrev  0x00000000      0x2fd src/ASF/sam0/drivers/sercom/sercom.o
 .debug_abbrev  0x000002fd      0x108 src/ASF/sam0/utils/stdio/read.o
 .debug_abbrev  0x00000405       0xf5 src/ASF/sam0/utils/stdio/write.o
 .debug_abbrev  0x000004fa      0x445 src/extUSART.o
 .debug_abbrev  0x0000093f      0x3c6 src/ASF/sam0/drivers/sercom/usart/usart.o
 .debug_abbrev  0x00000d05      0x37b src/ASF/sam0/drivers/sercom/usart/usart_interrupt.o
 .debug_abbrev  0x00001080      0x22c src/ASF/sam0/drivers/sercom/sercom_interrupt.o
 .debug_abbrev  0x000012ac       0xf6 src/ASF/common/utils/interrupt/interrupt_sam_nvic.o
 .debug_abbrev  0x000013a2      0x22b src/ASF/sam0/boards/samd21_xplained_pro/board_init.o
 .debug_abbrev  0x000015cd      0x1da src/ASF/sam0/drivers/port/port.o
 .debug_abbrev  0x000017a7      0x3bb src/ASF/sam0/drivers/system/clock/clock_samd21_r21_da/clock.o
 .debug_abbrev  0x00001b62      0x327 src/ASF/sam0/drivers/system/clock/clock_samd21_r21_da/gclk.o
 .debug_abbrev  0x00001e89      0x287 src/ASF/sam0/drivers/system/pinmux/pinmux.o
 .debug_abbrev  0x00002110       0xb9 src/ASF/sam0/drivers/system/system.o
 .debug_abbrev  0x000021c9      0x211 src/ASF/sam0/utils/cmsis/samd21/source/gcc/startup_samd21.o
 .debug_abbrev  0x000023da      0x141 src/ASF/sam0/utils/syscalls/gcc/syscalls.o
 .debug_abbrev  0x0000251b      0x421 src/main.o

.debug_loc      0x00000000     0x4013
 .debug_loc     0x00000000      0x982 src/ASF/sam0/drivers/sercom/sercom.o
 .debug_loc     0x00000982      0x11d src/ASF/sam0/utils/stdio/read.o
 .debug_loc     0x00000a9f      0x152 src/ASF/sam0/utils/stdio/write.o
 .debug_loc     0x00000bf1      0x319 src/extUSART.o
 .debug_loc     0x00000f0a      0xcf3 src/ASF/sam0/drivers/sercom/usart/usart.o
 .debug_loc     0x00001bfd      0x589 src/ASF/sam0/drivers/sercom/usart/usart_interrupt.o
 .debug_loc     0x00002186      0x16c src/ASF/sam0/drivers/sercom/sercom_interrupt.o
 .debug_loc     0x000022f2       0x1e src/ASF/common/utils/interrupt/interrupt_sam_nvic.o
 .debug_loc     0x00002310       0x59 src/ASF/sam0/boards/samd21_xplained_pro/board_init.o
 .debug_loc     0x00002369      0x16d src/ASF/sam0/drivers/port/port.o
 .debug_loc     0x000024d6      0xf23 src/ASF/sam0/drivers/system/clock/clock_samd21_r21_da/clock.o
 .debug_loc     0x000033f9      0x51e src/ASF/sam0/drivers/system/clock/clock_samd21_r21_da/gclk.o
 .debug_loc     0x00003917      0x32f src/ASF/sam0/drivers/system/pinmux/pinmux.o
 .debug_loc     0x00003c46       0x20 src/ASF/sam0/drivers/system/system.o
 .debug_loc     0x00003c66       0x20 src/ASF/sam0/utils/cmsis/samd21/source/gcc/startup_samd21.o
 .debug_loc     0x00003c86      0x11d src/ASF/sam0/utils/syscalls/gcc/syscalls.o
 .debug_loc     0x00003da3      0x270 src/main.o

.debug_aranges  0x00000000      0x470
 .debug_aranges
                0x00000000       0x40 src/ASF/sam0/drivers/sercom/sercom.o
 .debug_aranges
                0x00000040       0x20 src/ASF/sam0/utils/stdio/read.o
 .debug_aranges
                0x00000060       0x20 src/ASF/sam0/utils/stdio/write.o
 .debug_aranges
                0x00000080       0x58 src/extUSART.o
 .debug_aranges
                0x000000d8       0x40 src/ASF/sam0/drivers/sercom/usart/usart.o
 .debug_aranges
                0x00000118       0x70 src/ASF/sam0/drivers/sercom/usart/usart_interrupt.o
 .debug_aranges
                0x00000188       0x60 src/ASF/sam0/drivers/sercom/sercom_interrupt.o
 .debug_aranges
                0x000001e8       0x28 src/ASF/common/utils/interrupt/interrupt_sam_nvic.o
 .debug_aranges
                0x00000210       0x20 src/ASF/sam0/boards/samd21_xplained_pro/board_init.o
 .debug_aranges
                0x00000230       0x28 src/ASF/sam0/drivers/port/port.o
 .debug_aranges
                0x00000258       0x78 src/ASF/sam0/drivers/system/clock/clock_samd21_r21_da/clock.o
 .debug_aranges
                0x000002d0       0x80 src/ASF/sam0/drivers/system/clock/clock_samd21_r21_da/gclk.o
 .debug_aranges
                0x00000350       0x38 src/ASF/sam0/drivers/system/pinmux/pinmux.o
 .debug_aranges
                0x00000388       0x28 src/ASF/sam0/drivers/system/system.o
 .debug_aranges
                0x000003b0       0x28 src/ASF/sam0/utils/cmsis/samd21/source/gcc/startup_samd21.o
 .debug_aranges
                0x000003d8       0x60 src/ASF/sam0/utils/syscalls/gcc/syscalls.o
 .debug_aranges
                0x00000438       0x38 src/main.o

.debug_ranges   0x00000000      0x460
 .debug_ranges  0x00000000       0x48 src/ASF/sam0/drivers/sercom/sercom.o
 .debug_ranges  0x00000048       0x10 src/ASF/sam0/utils/stdio/read.o
 .debug_ranges  0x00000058       0x10 src/ASF/sam0/utils/stdio/write.o
 .debug_ranges  0x00000068       0x48 src/extUSART.o
 .debug_ranges  0x000000b0       0xf8 src/ASF/sam0/drivers/sercom/usart/usart.o
 .debug_ranges  0x000001a8       0x60 src/ASF/sam0/drivers/sercom/usart/usart_interrupt.o
 .debug_ranges  0x00000208       0x50 src/ASF/sam0/drivers/sercom/sercom_interrupt.o
 .debug_ranges  0x00000258       0x18 src/ASF/common/utils/interrupt/interrupt_sam_nvic.o
 .debug_ranges  0x00000270       0x10 src/ASF/sam0/boards/samd21_xplained_pro/board_init.o
 .debug_ranges  0x00000280       0x18 src/ASF/sam0/drivers/port/port.o
 .debug_ranges  0x00000298       0x68 src/ASF/sam0/drivers/system/clock/clock_samd21_r21_da/clock.o
 .debug_ranges  0x00000300       0x70 src/ASF/sam0/drivers/system/clock/clock_samd21_r21_da/gclk.o
 .debug_ranges  0x00000370       0x28 src/ASF/sam0/drivers/system/pinmux/pinmux.o
 .debug_ranges  0x00000398       0x18 src/ASF/sam0/drivers/system/system.o
 .debug_ranges  0x000003b0       0x18 src/ASF/sam0/utils/cmsis/samd21/source/gcc/startup_samd21.o
 .debug_ranges  0x000003c8       0x50 src/ASF/sam0/utils/syscalls/gcc/syscalls.o
 .debug_ranges  0x00000418       0x48 src/main.o

.debug_macro    0x00000000    0x19db5
 .debug_macro   0x00000000      0x524 src/ASF/sam0/drivers/sercom/sercom.o
 .debug_macro   0x00000524      0x84a src/ASF/sam0/drivers/sercom/sercom.o
 .debug_macro   0x00000d6e      0x166 src/ASF/sam0/drivers/sercom/sercom.o
 .debug_macro   0x00000ed4      0x621 src/ASF/sam0/drivers/sercom/sercom.o
 .debug_macro   0x000014f5       0x22 src/ASF/sam0/drivers/sercom/sercom.o
 .debug_macro   0x00001517       0x44 src/ASF/sam0/drivers/sercom/sercom.o
 .debug_macro   0x0000155b       0x58 src/ASF/sam0/drivers/sercom/sercom.o
 .debug_macro   0x000015b3       0x22 src/ASF/sam0/drivers/sercom/sercom.o
 .debug_macro   0x000015d5      0x1df src/ASF/sam0/drivers/sercom/sercom.o
 .debug_macro   0x000017b4       0x10 src/ASF/sam0/drivers/sercom/sercom.o
 .debug_macro   0x000017c4       0x76 src/ASF/sam0/drivers/sercom/sercom.o
 .debug_macro   0x0000183a       0x16 src/ASF/sam0/drivers/sercom/sercom.o
 .debug_macro   0x00001850      0x6e5 src/ASF/sam0/drivers/sercom/sercom.o
 .debug_macro   0x00001f35      0xde2 src/ASF/sam0/drivers/sercom/sercom.o
 .debug_macro   0x00002d17       0x22 src/ASF/sam0/drivers/sercom/sercom.o
 .debug_macro   0x00002d39       0x40 src/ASF/sam0/drivers/sercom/sercom.o
 .debug_macro   0x00002d79       0x3a src/ASF/sam0/drivers/sercom/sercom.o
 .debug_macro   0x00002db3       0x1f src/ASF/sam0/drivers/sercom/sercom.o
 .debug_macro   0x00002dd2      0x250 src/ASF/sam0/drivers/sercom/sercom.o
 .debug_macro   0x00003022      0x682 src/ASF/sam0/drivers/sercom/sercom.o
 .debug_macro   0x000036a4      0x8c1 src/ASF/sam0/drivers/sercom/sercom.o
 .debug_macro   0x00003f65      0x235 src/ASF/sam0/drivers/sercom/sercom.o
 .debug_macro   0x0000419a      0xd66 src/ASF/sam0/drivers/sercom/sercom.o
 .debug_macro   0x00004f00      0x4ce src/ASF/sam0/drivers/sercom/sercom.o
 .debug_macro   0x000053ce      0x9fb src/ASF/sam0/drivers/sercom/sercom.o
 .debug_macro   0x00005dc9      0x82e src/ASF/sam0/drivers/sercom/sercom.o
 .debug_macro   0x000065f7      0x462 src/ASF/sam0/drivers/sercom/sercom.o
 .debug_macro   0x00006a59       0x5e src/ASF/sam0/drivers/sercom/sercom.o
 .debug_macro   0x00006ab7      0x907 src/ASF/sam0/drivers/sercom/sercom.o
 .debug_macro   0x000073be      0x226 src/ASF/sam0/drivers/sercom/sercom.o
 .debug_macro   0x000075e4      0x9d3 src/ASF/sam0/drivers/sercom/sercom.o
 .debug_macro   0x00007fb7       0x5e src/ASF/sam0/drivers/sercom/sercom.o
 .debug_macro   0x00008015      0x682 src/ASF/sam0/drivers/sercom/sercom.o
 .debug_macro   0x00008697      0x3b8 src/ASF/sam0/drivers/sercom/sercom.o
 .debug_macro   0x00008a4f      0xc55 src/ASF/sam0/drivers/sercom/sercom.o
 .debug_macro   0x000096a4     0x1093 src/ASF/sam0/drivers/sercom/sercom.o
 .debug_macro   0x0000a737      0xc4a src/ASF/sam0/drivers/sercom/sercom.o
 .debug_macro   0x0000b381      0x6c2 src/ASF/sam0/drivers/sercom/sercom.o
 .debug_macro   0x0000ba43     0x1b4e src/ASF/sam0/drivers/sercom/sercom.o
 .debug_macro   0x0000d591     0x144d src/ASF/sam0/drivers/sercom/sercom.o
 .debug_macro   0x0000e9de      0x351 src/ASF/sam0/drivers/sercom/sercom.o
 .debug_macro   0x0000ed2f       0x7c src/ASF/sam0/drivers/sercom/sercom.o
 .debug_macro   0x0000edab       0xa0 src/ASF/sam0/drivers/sercom/sercom.o
 .debug_macro   0x0000ee4b       0x4c src/ASF/sam0/drivers/sercom/sercom.o
 .debug_macro   0x0000ee97       0xca src/ASF/sam0/drivers/sercom/sercom.o
 .debug_macro   0x0000ef61       0x94 src/ASF/sam0/drivers/sercom/sercom.o
 .debug_macro   0x0000eff5       0x58 src/ASF/sam0/drivers/sercom/sercom.o
 .debug_macro   0x0000f04d      0x38a src/ASF/sam0/drivers/sercom/sercom.o
 .debug_macro   0x0000f3d7       0x82 src/ASF/sam0/drivers/sercom/sercom.o
 .debug_macro   0x0000f459      0x19a src/ASF/sam0/drivers/sercom/sercom.o
 .debug_macro   0x0000f5f3       0xb8 src/ASF/sam0/drivers/sercom/sercom.o
 .debug_macro   0x0000f6ab       0xa0 src/ASF/sam0/drivers/sercom/sercom.o
 .debug_macro   0x0000f74b       0xbe src/ASF/sam0/drivers/sercom/sercom.o
 .debug_macro   0x0000f809       0x1c src/ASF/sam0/drivers/sercom/sercom.o
 .debug_macro   0x0000f825       0x1c src/ASF/sam0/drivers/sercom/sercom.o
 .debug_macro   0x0000f841       0x1c src/ASF/sam0/drivers/sercom/sercom.o
 .debug_macro   0x0000f85d       0x82 src/ASF/sam0/drivers/sercom/sercom.o
 .debug_macro   0x0000f8df      0x164 src/ASF/sam0/drivers/sercom/sercom.o
 .debug_macro   0x0000fa43       0xdc src/ASF/sam0/drivers/sercom/sercom.o
 .debug_macro   0x0000fb1f      0x132 src/ASF/sam0/drivers/sercom/sercom.o
 .debug_macro   0x0000fc51      0x132 src/ASF/sam0/drivers/sercom/sercom.o
 .debug_macro   0x0000fd83      0x132 src/ASF/sam0/drivers/sercom/sercom.o
 .debug_macro   0x0000feb5      0x132 src/ASF/sam0/drivers/sercom/sercom.o
 .debug_macro   0x0000ffe7      0x132 src/ASF/sam0/drivers/sercom/sercom.o
 .debug_macro   0x00010119      0x132 src/ASF/sam0/drivers/sercom/sercom.o
 .debug_macro   0x0001024b      0x11e src/ASF/sam0/drivers/sercom/sercom.o
 .debug_macro   0x00010369       0xe2 src/ASF/sam0/drivers/sercom/sercom.o
 .debug_macro   0x0001044b       0xe2 src/ASF/sam0/drivers/sercom/sercom.o
 .debug_macro   0x0001052d       0xe2 src/ASF/sam0/drivers/sercom/sercom.o
 .debug_macro   0x0001060f       0xe2 src/ASF/sam0/drivers/sercom/sercom.o
 .debug_macro   0x000106f1       0xe2 src/ASF/sam0/drivers/sercom/sercom.o
 .debug_macro   0x000107d3      0x136 src/ASF/sam0/drivers/sercom/sercom.o
 .debug_macro   0x00010909      0x106 src/ASF/sam0/drivers/sercom/sercom.o
 .debug_macro   0x00010a0f       0xfa src/ASF/sam0/drivers/sercom/sercom.o
 .debug_macro   0x00010b09      0x40f src/ASF/sam0/drivers/sercom/sercom.o
 .debug_macro   0x00010f18       0x40 src/ASF/sam0/drivers/sercom/sercom.o
 .debug_macro   0x00010f58      0x37d src/ASF/sam0/drivers/sercom/sercom.o
 .debug_macro   0x000112d5     0x1e5c src/ASF/sam0/drivers/sercom/sercom.o
 .debug_macro   0x00013131       0x51 src/ASF/sam0/drivers/sercom/sercom.o
 .debug_macro   0x00013182       0x58 src/ASF/sam0/drivers/sercom/sercom.o
 .debug_macro   0x000131da       0x35 src/ASF/sam0/drivers/sercom/sercom.o
 .debug_macro   0x0001320f       0x9c src/ASF/sam0/drivers/sercom/sercom.o
 .debug_macro   0x000132ab       0x16 src/ASF/sam0/drivers/sercom/sercom.o
 .debug_macro   0x000132c1       0x35 src/ASF/sam0/drivers/sercom/sercom.o
 .debug_macro   0x000132f6      0x29d src/ASF/sam0/drivers/sercom/sercom.o
 .debug_macro   0x00013593       0x10 src/ASF/sam0/drivers/sercom/sercom.o
 .debug_macro   0x000135a3       0x52 src/ASF/sam0/drivers/sercom/sercom.o
 .debug_macro   0x000135f5       0x16 src/ASF/sam0/drivers/sercom/sercom.o
 .debug_macro   0x0001360b       0x43 src/ASF/sam0/drivers/sercom/sercom.o
 .debug_macro   0x0001364e      0x180 src/ASF/sam0/drivers/sercom/sercom.o
 .debug_macro   0x000137ce       0x10 src/ASF/sam0/drivers/sercom/sercom.o
 .debug_macro   0x000137de       0x22 src/ASF/sam0/drivers/sercom/sercom.o
 .debug_macro   0x00013800       0xbe src/ASF/sam0/drivers/sercom/sercom.o
 .debug_macro   0x000138be       0x16 src/ASF/sam0/drivers/sercom/sercom.o
 .debug_macro   0x000138d4      0x197 src/ASF/sam0/drivers/sercom/sercom.o
 .debug_macro   0x00013a6b       0x16 src/ASF/sam0/drivers/sercom/sercom.o
 .debug_macro   0x00013a81       0x16 src/ASF/sam0/drivers/sercom/sercom.o
 .debug_macro   0x00013a97       0x29 src/ASF/sam0/drivers/sercom/sercom.o
 .debug_macro   0x00013ac0       0x51 src/ASF/sam0/drivers/sercom/sercom.o
 .debug_macro   0x00013b11       0x3f src/ASF/sam0/drivers/sercom/sercom.o
 .debug_macro   0x00013b50      0x3df src/ASF/sam0/drivers/sercom/sercom.o
 .debug_macro   0x00013f2f       0x11 src/ASF/sam0/drivers/sercom/sercom.o
 .debug_macro   0x00013f40       0x11 src/ASF/sam0/drivers/sercom/sercom.o
 .debug_macro   0x00013f51       0x2e src/ASF/sam0/drivers/sercom/sercom.o
 .debug_macro   0x00013f7f       0xb2 src/ASF/sam0/drivers/sercom/sercom.o
 .debug_macro   0x00014031       0x10 src/ASF/sam0/drivers/sercom/sercom.o
 .debug_macro   0x00014041      0x496 src/ASF/sam0/utils/stdio/read.o
 .debug_macro   0x000144d7      0x496 src/ASF/sam0/utils/stdio/write.o
 .debug_macro   0x0001496d      0x5a7 src/extUSART.o
 .debug_macro   0x00014f14      0x279 src/extUSART.o
 .debug_macro   0x0001518d      0x9f7 src/extUSART.o
 .debug_macro   0x00015b84       0x12 src/extUSART.o
 .debug_macro   0x00015b96       0x57 src/extUSART.o
 .debug_macro   0x00015bed      0x535 src/ASF/sam0/drivers/sercom/usart/usart.o
 .debug_macro   0x00016122       0x51 src/ASF/sam0/drivers/sercom/usart/usart.o
 .debug_macro   0x00016173      0x535 src/ASF/sam0/drivers/sercom/usart/usart_interrupt.o
 .debug_macro   0x000166a8      0x521 src/ASF/sam0/drivers/sercom/sercom_interrupt.o
 .debug_macro   0x00016bc9      0x496 src/ASF/common/utils/interrupt/interrupt_sam_nvic.o
 .debug_macro   0x0001705f      0x4d2 src/ASF/sam0/boards/samd21_xplained_pro/board_init.o
 .debug_macro   0x00017531      0x4b0 src/ASF/sam0/drivers/port/port.o
 .debug_macro   0x000179e1      0x508 src/ASF/sam0/drivers/system/clock/clock_samd21_r21_da/clock.o
 .debug_macro   0x00017ee9      0x29d src/ASF/sam0/drivers/system/clock/clock_samd21_r21_da/clock.o
 .debug_macro   0x00018186      0x4cc src/ASF/sam0/drivers/system/clock/clock_samd21_r21_da/gclk.o
 .debug_macro   0x00018652      0x4a8 src/ASF/sam0/drivers/system/pinmux/pinmux.o
 .debug_macro   0x00018afa      0x4da src/ASF/sam0/drivers/system/system.o
 .debug_macro   0x00018fd4      0x2ea src/ASF/sam0/utils/cmsis/samd21/source/gcc/startup_samd21.o
 .debug_macro   0x000192be       0x3a src/ASF/sam0/utils/cmsis/samd21/source/gcc/startup_samd21.o
 .debug_macro   0x000192f8      0x169 src/ASF/sam0/utils/syscalls/gcc/syscalls.o
 .debug_macro   0x00019461       0x4a src/ASF/sam0/utils/syscalls/gcc/syscalls.o
 .debug_macro   0x000194ab       0x97 src/ASF/sam0/utils/syscalls/gcc/syscalls.o
 .debug_macro   0x00019542       0xef src/ASF/sam0/utils/syscalls/gcc/syscalls.o
 .debug_macro   0x00019631       0x52 src/ASF/sam0/utils/syscalls/gcc/syscalls.o
 .debug_macro   0x00019683       0x16 src/ASF/sam0/utils/syscalls/gcc/syscalls.o
 .debug_macro   0x00019699       0x10 src/ASF/sam0/utils/syscalls/gcc/syscalls.o
 .debug_macro   0x000196a9       0x10 src/ASF/sam0/utils/syscalls/gcc/syscalls.o
 .debug_macro   0x000196b9       0x10 src/ASF/sam0/utils/syscalls/gcc/syscalls.o
 .debug_macro   0x000196c9       0x35 src/ASF/sam0/utils/syscalls/gcc/syscalls.o
 .debug_macro   0x000196fe      0x122 src/ASF/sam0/utils/syscalls/gcc/syscalls.o
 .debug_macro   0x00019820      0x595 src/main.o

.debug_line     0x00000000     0xa660
 .debug_line    0x00000000      0xb4c src/ASF/sam0/drivers/sercom/sercom.o
 .debug_line    0x00000b4c      0x835 src/ASF/sam0/utils/stdio/read.o
 .debug_line    0x00001381      0x826 src/ASF/sam0/utils/stdio/write.o
 .debug_line    0x00001ba7      0xcd7 src/extUSART.o
 .debug_line    0x0000287e      0xc90 src/ASF/sam0/drivers/sercom/usart/usart.o
 .debug_line    0x0000350e      0xc13 src/ASF/sam0/drivers/sercom/usart/usart_interrupt.o
 .debug_line    0x00004121      0xaf4 src/ASF/sam0/drivers/sercom/sercom_interrupt.o
 .debug_line    0x00004c15      0x853 src/ASF/common/utils/interrupt/interrupt_sam_nvic.o
 .debug_line    0x00005468      0x8fa src/ASF/sam0/boards/samd21_xplained_pro/board_init.o
 .debug_line    0x00005d62      0x87f src/ASF/sam0/drivers/port/port.o
 .debug_line    0x000065e1      0xbcb src/ASF/sam0/drivers/system/clock/clock_samd21_r21_da/clock.o
 .debug_line    0x000071ac      0xbf0 src/ASF/sam0/drivers/system/clock/clock_samd21_r21_da/gclk.o
 .debug_line    0x00007d9c      0x8a5 src/ASF/sam0/drivers/system/pinmux/pinmux.o
 .debug_line    0x00008641      0x96e src/ASF/sam0/drivers/system/system.o
 .debug_line    0x00008faf      0x64e src/ASF/sam0/utils/cmsis/samd21/source/gcc/startup_samd21.o
 .debug_line    0x000095fd      0x398 src/ASF/sam0/utils/syscalls/gcc/syscalls.o
 .debug_line    0x00009995      0xccb src/main.o

.debug_str      0x00000000    0x8becf
 .debug_str     0x00000000    0x8216c src/ASF/sam0/drivers/sercom/sercom.o
                              0x82aa0 (size before relaxing)
 .debug_str     0x0008216c       0x43 src/ASF/sam0/utils/stdio/read.o
                              0x813e0 (size before relaxing)
 .debug_str     0x000821af       0x33 src/ASF/sam0/utils/stdio/write.o
                              0x813e2 (size before relaxing)
 .debug_str     0x000821e2     0x4324 src/extUSART.o
                              0x86973 (size before relaxing)
 .debug_str     0x00086506      0xc2e src/ASF/sam0/drivers/sercom/usart/usart.o
                              0x8378e (size before relaxing)
 .debug_str     0x00087134      0x1e8 src/ASF/sam0/drivers/sercom/usart/usart_interrupt.o
                              0x82a9f (size before relaxing)
 .debug_str     0x0008731c      0x55c src/ASF/sam0/drivers/sercom/sercom_interrupt.o
                              0x8294b (size before relaxing)
 .debug_str     0x00087878       0x94 src/ASF/common/utils/interrupt/interrupt_sam_nvic.o
                              0x81433 (size before relaxing)
 .debug_str     0x0008790c      0x18d src/ASF/sam0/boards/samd21_xplained_pro/board_init.o
                              0x84fdf (size before relaxing)
 .debug_str     0x00087a99       0x4e src/ASF/sam0/drivers/port/port.o
                              0x817fd (size before relaxing)
 .debug_str     0x00087ae7     0x2775 src/ASF/sam0/drivers/system/clock/clock_samd21_r21_da/clock.o
                              0x84504 (size before relaxing)
 .debug_str     0x0008a25c      0x285 src/ASF/sam0/drivers/system/clock/clock_samd21_r21_da/gclk.o
                              0x820b2 (size before relaxing)
 .debug_str     0x0008a4e1      0x130 src/ASF/sam0/drivers/system/pinmux/pinmux.o
                              0x8182a (size before relaxing)
 .debug_str     0x0008a611       0x47 src/ASF/sam0/drivers/system/system.o
                              0x814b8 (size before relaxing)
 .debug_str     0x0008a658      0xefa src/ASF/sam0/utils/cmsis/samd21/source/gcc/startup_samd21.o
                              0x6e169 (size before relaxing)
 .debug_str     0x0008b552      0x837 src/ASF/sam0/utils/syscalls/gcc/syscalls.o
                               0x5fdd (size before relaxing)
 .debug_str     0x0008bd89      0x146 src/main.o
                              0x87282 (size before relaxing)

.debug_frame    0x00000000     0x1258
 .debug_frame   0x00000000       0x9c src/ASF/sam0/drivers/sercom/sercom.o
 .debug_frame   0x0000009c       0x34 src/ASF/sam0/utils/stdio/read.o
 .debug_frame   0x000000d0       0x34 src/ASF/sam0/utils/stdio/write.o
 .debug_frame   0x00000104       0xd8 src/extUSART.o
 .debug_frame   0x000001dc       0xbc src/ASF/sam0/drivers/sercom/usart/usart.o
 .debug_frame   0x00000298      0x110 src/ASF/sam0/drivers/sercom/usart/usart_interrupt.o
 .debug_frame   0x000003a8       0xec src/ASF/sam0/drivers/sercom/sercom_interrupt.o
 .debug_frame   0x00000494       0x30 src/ASF/common/utils/interrupt/interrupt_sam_nvic.o
 .debug_frame   0x000004c4       0x30 src/ASF/sam0/boards/samd21_xplained_pro/board_init.o
 .debug_frame   0x000004f4       0x44 src/ASF/sam0/drivers/port/port.o
 .debug_frame   0x00000538      0x164 src/ASF/sam0/drivers/system/clock/clock_samd21_r21_da/clock.o
 .debug_frame   0x0000069c      0x148 src/ASF/sam0/drivers/system/clock/clock_samd21_r21_da/gclk.o
 .debug_frame   0x000007e4       0x74 src/ASF/sam0/drivers/system/pinmux/pinmux.o
 .debug_frame   0x00000858       0x38 src/ASF/sam0/drivers/system/system.o
 .debug_frame   0x00000890       0x3c src/ASF/sam0/utils/cmsis/samd21/source/gcc/startup_samd21.o
 .debug_frame   0x000008cc       0xa8 src/ASF/sam0/utils/syscalls/gcc/syscalls.o
 .debug_frame   0x00000974       0x8c src/main.o
 .debug_frame   0x00000a00       0x20 c:/program files (x86)/atmel/studio/7.0/toolchain/arm/arm-gnu-toolchain/bin/../lib/gcc/arm-none-eabi/4.9.3/armv6-m\libgcc.a(_udivsi3.o)
 .debug_frame   0x00000a20       0x34 c:/program files (x86)/atmel/studio/7.0/toolchain/arm/arm-gnu-toolchain/bin/../lib/gcc/arm-none-eabi/4.9.3/armv6-m\libgcc.a(_muldi3.o)
 .debug_frame   0x00000a54       0x2c c:/program files (x86)/atmel/studio/7.0/toolchain/arm/arm-gnu-toolchain/bin/../lib/gcc/arm-none-eabi/4.9.3/../../../../arm-none-eabi/lib/armv6-m\libc_nano.a(lib_a-init.o)
 .debug_frame   0x00000a80       0x28 c:/program files (x86)/atmel/studio/7.0/toolchain/arm/arm-gnu-toolchain/bin/../lib/gcc/arm-none-eabi/4.9.3/../../../../arm-none-eabi/lib/armv6-m\libc_nano.a(lib_a-memcpy.o)
 .debug_frame   0x00000aa8       0x20 c:/program files (x86)/atmel/studio/7.0/toolchain/arm/arm-gnu-toolchain/bin/../lib/gcc/arm-none-eabi/4.9.3/../../../../arm-none-eabi/lib/armv6-m\libc_nano.a(lib_a-memset.o)
 .debug_frame   0x00000ac8       0x50 c:/program files (x86)/atmel/studio/7.0/toolchain/arm/arm-gnu-toolchain/bin/../lib/gcc/arm-none-eabi/4.9.3/../../../../arm-none-eabi/lib/armv6-m\libc_nano.a(lib_a-printf.o)
 .debug_frame   0x00000b18       0x48 c:/program files (x86)/atmel/studio/7.0/toolchain/arm/arm-gnu-toolchain/bin/../lib/gcc/arm-none-eabi/4.9.3/../../../../arm-none-eabi/lib/armv6-m\libc_nano.a(lib_a-putchar.o)
 .debug_frame   0x00000b60       0x28 c:/program files (x86)/atmel/studio/7.0/toolchain/arm/arm-gnu-toolchain/bin/../lib/gcc/arm-none-eabi/4.9.3/../../../../arm-none-eabi/lib/armv6-m\libc_nano.a(lib_a-setbuf.o)
 .debug_frame   0x00000b88       0x34 c:/program files (x86)/atmel/studio/7.0/toolchain/arm/arm-gnu-toolchain/bin/../lib/gcc/arm-none-eabi/4.9.3/../../../../arm-none-eabi/lib/armv6-m\libc_nano.a(lib_a-setvbuf.o)
 .debug_frame   0x00000bbc       0x68 c:/program files (x86)/atmel/studio/7.0/toolchain/arm/arm-gnu-toolchain/bin/../lib/gcc/arm-none-eabi/4.9.3/../../../../arm-none-eabi/lib/armv6-m\libc_nano.a(lib_a-fflush.o)
 .debug_frame   0x00000c24      0x140 c:/program files (x86)/atmel/studio/7.0/toolchain/arm/arm-gnu-toolchain/bin/../lib/gcc/arm-none-eabi/4.9.3/../../../../arm-none-eabi/lib/armv6-m\libc_nano.a(lib_a-findfp.o)
 .debug_frame   0x00000d64       0x58 c:/program files (x86)/atmel/studio/7.0/toolchain/arm/arm-gnu-toolchain/bin/../lib/gcc/arm-none-eabi/4.9.3/../../../../arm-none-eabi/lib/armv6-m\libc_nano.a(lib_a-fwalk.o)
 .debug_frame   0x00000dbc       0x40 c:/program files (x86)/atmel/studio/7.0/toolchain/arm/arm-gnu-toolchain/bin/../lib/gcc/arm-none-eabi/4.9.3/../../../../arm-none-eabi/lib/armv6-m\libc_nano.a(lib_a-malloc.o)
 .debug_frame   0x00000dfc       0x2c c:/program files (x86)/atmel/studio/7.0/toolchain/arm/arm-gnu-toolchain/bin/../lib/gcc/arm-none-eabi/4.9.3/../../../../arm-none-eabi/lib/armv6-m\libc_nano.a(lib_a-nano-freer.o)
 .debug_frame   0x00000e28       0x2c c:/program files (x86)/atmel/studio/7.0/toolchain/arm/arm-gnu-toolchain/bin/../lib/gcc/arm-none-eabi/4.9.3/../../../../arm-none-eabi/lib/armv6-m\libc_nano.a(lib_a-nano-mallocr.o)
 .debug_frame   0x00000e54       0xa0 c:/program files (x86)/atmel/studio/7.0/toolchain/arm/arm-gnu-toolchain/bin/../lib/gcc/arm-none-eabi/4.9.3/../../../../arm-none-eabi/lib/armv6-m\libc_nano.a(lib_a-nano-vfprintf.o)
 .debug_frame   0x00000ef4       0x54 c:/program files (x86)/atmel/studio/7.0/toolchain/arm/arm-gnu-toolchain/bin/../lib/gcc/arm-none-eabi/4.9.3/../../../../arm-none-eabi/lib/armv6-m\libc_nano.a(lib_a-nano-vfprintf_i.o)
 .debug_frame   0x00000f48       0x44 c:/program files (x86)/atmel/studio/7.0/toolchain/arm/arm-gnu-toolchain/bin/../lib/gcc/arm-none-eabi/4.9.3/../../../../arm-none-eabi/lib/armv6-m\libc_nano.a(lib_a-putc.o)
 .debug_frame   0x00000f8c       0x2c c:/program files (x86)/atmel/studio/7.0/toolchain/arm/arm-gnu-toolchain/bin/../lib/gcc/arm-none-eabi/4.9.3/../../../../arm-none-eabi/lib/armv6-m\libc_nano.a(lib_a-sbrkr.o)
 .debug_frame   0x00000fb8       0x90 c:/program files (x86)/atmel/studio/7.0/toolchain/arm/arm-gnu-toolchain/bin/../lib/gcc/arm-none-eabi/4.9.3/../../../../arm-none-eabi/lib/armv6-m\libc_nano.a(lib_a-stdio.o)
 .debug_frame   0x00001048       0x44 c:/program files (x86)/atmel/studio/7.0/toolchain/arm/arm-gnu-toolchain/bin/../lib/gcc/arm-none-eabi/4.9.3/../../../../arm-none-eabi/lib/armv6-m\libc_nano.a(lib_a-wbuf.o)
 .debug_frame   0x0000108c       0x2c c:/program files (x86)/atmel/studio/7.0/toolchain/arm/arm-gnu-toolchain/bin/../lib/gcc/arm-none-eabi/4.9.3/../../../../arm-none-eabi/lib/armv6-m\libc_nano.a(lib_a-writer.o)
 .debug_frame   0x000010b8       0x2c c:/program files (x86)/atmel/studio/7.0/toolchain/arm/arm-gnu-toolchain/bin/../lib/gcc/arm-none-eabi/4.9.3/../../../../arm-none-eabi/lib/armv6-m\libc_nano.a(lib_a-wsetup.o)
 .debug_frame   0x000010e4       0x2c c:/program files (x86)/atmel/studio/7.0/toolchain/arm/arm-gnu-toolchain/bin/../lib/gcc/arm-none-eabi/4.9.3/../../../../arm-none-eabi/lib/armv6-m\libc_nano.a(lib_a-closer.o)
 .debug_frame   0x00001110       0x2c c:/program files (x86)/atmel/studio/7.0/toolchain/arm/arm-gnu-toolchain/bin/../lib/gcc/arm-none-eabi/4.9.3/../../../../arm-none-eabi/lib/armv6-m\libc_nano.a(lib_a-lseekr.o)
 .debug_frame   0x0000113c       0x30 c:/program files (x86)/atmel/studio/7.0/toolchain/arm/arm-gnu-toolchain/bin/../lib/gcc/arm-none-eabi/4.9.3/../../../../arm-none-eabi/lib/armv6-m\libc_nano.a(lib_a-makebuf.o)
 .debug_frame   0x0000116c       0x20 c:/program files (x86)/atmel/studio/7.0/toolchain/arm/arm-gnu-toolchain/bin/../lib/gcc/arm-none-eabi/4.9.3/../../../../arm-none-eabi/lib/armv6-m\libc_nano.a(lib_a-memchr.o)
 .debug_frame   0x0000118c       0x2c c:/program files (x86)/atmel/studio/7.0/toolchain/arm/arm-gnu-toolchain/bin/../lib/gcc/arm-none-eabi/4.9.3/../../../../arm-none-eabi/lib/armv6-m\libc_nano.a(lib_a-readr.o)
 .debug_frame   0x000011b8       0x48 c:/program files (x86)/atmel/studio/7.0/toolchain/arm/arm-gnu-toolchain/bin/../lib/gcc/arm-none-eabi/4.9.3/../../../../arm-none-eabi/lib/armv6-m\libc_nano.a(lib_a-reent.o)
 .debug_frame   0x00001200       0x2c c:/program files (x86)/atmel/studio/7.0/toolchain/arm/arm-gnu-toolchain/bin/../lib/gcc/arm-none-eabi/4.9.3/../../../../arm-none-eabi/lib/armv6-m\libc_nano.a(lib_a-fstatr.o)
 .debug_frame   0x0000122c       0x2c c:/program files (x86)/atmel/studio/7.0/toolchain/arm/arm-gnu-toolchain/bin/../lib/gcc/arm-none-eabi/4.9.3/../../../../arm-none-eabi/lib/armv6-m\libc_nano.a(lib_a-isattyr.o)

Cross Reference Table

Symbol                                            File
AC_Handler                                        src/ASF/sam0/utils/cmsis/samd21/source/gcc/startup_samd21.o
ADC_Handler                                       src/ASF/sam0/utils/cmsis/samd21/source/gcc/startup_samd21.o
DAC_Handler                                       src/ASF/sam0/utils/cmsis/samd21/source/gcc/startup_samd21.o
DMAC_Handler                                      src/ASF/sam0/utils/cmsis/samd21/source/gcc/startup_samd21.o
Dummy_Handler                                     src/ASF/sam0/utils/cmsis/samd21/source/gcc/startup_samd21.o
EIC_Handler                                       src/ASF/sam0/utils/cmsis/samd21/source/gcc/startup_samd21.o
EVSYS_Handler                                     src/ASF/sam0/utils/cmsis/samd21/source/gcc/startup_samd21.o
HardFault_Handler                                 src/ASF/sam0/utils/cmsis/samd21/source/gcc/startup_samd21.o
I2S_Handler                                       src/ASF/sam0/utils/cmsis/samd21/source/gcc/startup_samd21.o
NMI_Handler                                       src/ASF/sam0/utils/cmsis/samd21/source/gcc/startup_samd21.o
NVMCTRL_Handler                                   src/ASF/sam0/utils/cmsis/samd21/source/gcc/startup_samd21.o
PM_Handler                                        src/ASF/sam0/utils/cmsis/samd21/source/gcc/startup_samd21.o
PTC_Handler                                       src/ASF/sam0/utils/cmsis/samd21/source/gcc/startup_samd21.o
PendSV_Handler                                    src/ASF/sam0/utils/cmsis/samd21/source/gcc/startup_samd21.o
RTC_Handler                                       src/ASF/sam0/utils/cmsis/samd21/source/gcc/startup_samd21.o
Reset_Handler                                     src/ASF/sam0/utils/cmsis/samd21/source/gcc/startup_samd21.o
SERCOM0_Handler                                   src/ASF/sam0/drivers/sercom/sercom_interrupt.o
SERCOM1_Handler                                   src/ASF/sam0/drivers/sercom/sercom_interrupt.o
SERCOM2_Handler                                   src/ASF/sam0/drivers/sercom/sercom_interrupt.o
SERCOM3_Handler                                   src/ASF/sam0/drivers/sercom/sercom_interrupt.o
SERCOM4_Handler                                   src/ASF/sam0/drivers/sercom/sercom_interrupt.o
SERCOM5_Handler                                   src/ASF/sam0/drivers/sercom/sercom_interrupt.o
SVC_Handler                                       src/ASF/sam0/utils/cmsis/samd21/source/gcc/startup_samd21.o
SYSCTRL_Handler                                   src/ASF/sam0/utils/cmsis/samd21/source/gcc/startup_samd21.o
SysTick_Handler                                   src/ASF/sam0/utils/cmsis/samd21/source/gcc/startup_samd21.o
SystemCoreClock                                   src/ASF/sam0/utils/cmsis/samd21/source/system_samd21.o
SystemCoreClockUpdate                             src/ASF/sam0/utils/cmsis/samd21/source/system_samd21.o
SystemInit                                        src/ASF/sam0/utils/cmsis/samd21/source/system_samd21.o
TC3_Handler                                       src/ASF/sam0/utils/cmsis/samd21/source/gcc/startup_samd21.o
TC4_Handler                                       src/ASF/sam0/utils/cmsis/samd21/source/gcc/startup_samd21.o
TC5_Handler                                       src/ASF/sam0/utils/cmsis/samd21/source/gcc/startup_samd21.o
TC6_Handler                                       src/ASF/sam0/utils/cmsis/samd21/source/gcc/startup_samd21.o
TC7_Handler                                       src/ASF/sam0/utils/cmsis/samd21/source/gcc/startup_samd21.o
TCC0_Handler                                      src/ASF/sam0/utils/cmsis/samd21/source/gcc/startup_samd21.o
TCC1_Handler                                      src/ASF/sam0/utils/cmsis/samd21/source/gcc/startup_samd21.o
TCC2_Handler                                      src/ASF/sam0/utils/cmsis/samd21/source/gcc/startup_samd21.o
USART_Receive                                     src/extUSART.o
                                                  src/main.o
USART_TransmitNumber                              src/extUSART.o
USART_TransmitString                              src/extUSART.o
USART_Transmitchar                                src/extUSART.o
USB_Handler                                       src/ASF/sam0/utils/cmsis/samd21/source/gcc/startup_samd21.o
WDT_Handler                                       src/ASF/sam0/utils/cmsis/samd21/source/gcc/startup_samd21.o
_Jv_RegisterClasses                               c:/program files (x86)/atmel/studio/7.0/toolchain/arm/arm-gnu-toolchain/bin/../lib/gcc/arm-none-eabi/4.9.3/armv6-m/crtbegin.o
__aeabi_idiv                                      c:/program files (x86)/atmel/studio/7.0/toolchain/arm/arm-gnu-toolchain/bin/../lib/gcc/arm-none-eabi/4.9.3/armv6-m\libgcc.a(_divsi3.o)
                                                  c:/program files (x86)/atmel/studio/7.0/toolchain/arm/arm-gnu-toolchain/bin/../lib/gcc/arm-none-eabi/4.9.3/../../../../arm-none-eabi/lib/armv6-m\libc_nano.a(lib_a-fvwrite.o)
__aeabi_idiv0                                     c:/program files (x86)/atmel/studio/7.0/toolchain/arm/arm-gnu-toolchain/bin/../lib/gcc/arm-none-eabi/4.9.3/armv6-m\libgcc.a(_dvmd_tls.o)
                                                  c:/program files (x86)/atmel/studio/7.0/toolchain/arm/arm-gnu-toolchain/bin/../lib/gcc/arm-none-eabi/4.9.3/armv6-m\libgcc.a(_divsi3.o)
                                                  c:/program files (x86)/atmel/studio/7.0/toolchain/arm/arm-gnu-toolchain/bin/../lib/gcc/arm-none-eabi/4.9.3/armv6-m\libgcc.a(_udivsi3.o)
__aeabi_idivmod                                   c:/program files (x86)/atmel/studio/7.0/toolchain/arm/arm-gnu-toolchain/bin/../lib/gcc/arm-none-eabi/4.9.3/armv6-m\libgcc.a(_divsi3.o)
__aeabi_ldiv0                                     c:/program files (x86)/atmel/studio/7.0/toolchain/arm/arm-gnu-toolchain/bin/../lib/gcc/arm-none-eabi/4.9.3/armv6-m\libgcc.a(_dvmd_tls.o)
__aeabi_lmul                                      c:/program files (x86)/atmel/studio/7.0/toolchain/arm/arm-gnu-toolchain/bin/../lib/gcc/arm-none-eabi/4.9.3/armv6-m\libgcc.a(_muldi3.o)
                                                  src/extUSART.o
                                                  src/ASF/sam0/drivers/sercom/sercom.o
__aeabi_uidiv                                     c:/program files (x86)/atmel/studio/7.0/toolchain/arm/arm-gnu-toolchain/bin/../lib/gcc/arm-none-eabi/4.9.3/armv6-m\libgcc.a(_udivsi3.o)
                                                  c:/program files (x86)/atmel/studio/7.0/toolchain/arm/arm-gnu-toolchain/bin/../lib/gcc/arm-none-eabi/4.9.3/../../../../arm-none-eabi/lib/armv6-m\libc_nano.a(lib_a-nano-vfprintf_i.o)
                                                  src/ASF/sam0/drivers/system/clock/clock_samd21_r21_da/gclk.o
                                                  src/ASF/sam0/drivers/system/clock/clock_samd21_r21_da/clock.o
                                                  src/extUSART.o
__aeabi_uidivmod                                  c:/program files (x86)/atmel/studio/7.0/toolchain/arm/arm-gnu-toolchain/bin/../lib/gcc/arm-none-eabi/4.9.3/armv6-m\libgcc.a(_udivsi3.o)
                                                  c:/program files (x86)/atmel/studio/7.0/toolchain/arm/arm-gnu-toolchain/bin/../lib/gcc/arm-none-eabi/4.9.3/../../../../arm-none-eabi/lib/armv6-m\libc_nano.a(lib_a-nano-vfprintf_i.o)
                                                  src/extUSART.o
__bss_end__                                       c:/program files (x86)/atmel/studio/7.0/toolchain/arm/arm-gnu-toolchain/bin/../lib/gcc/arm-none-eabi/4.9.3/../../../../arm-none-eabi/lib/armv6-m/crt0.o
__bss_start__                                     c:/program files (x86)/atmel/studio/7.0/toolchain/arm/arm-gnu-toolchain/bin/../lib/gcc/arm-none-eabi/4.9.3/../../../../arm-none-eabi/lib/armv6-m/crt0.o
__call_exitprocs                                  c:/program files (x86)/atmel/studio/7.0/toolchain/arm/arm-gnu-toolchain/bin/../lib/gcc/arm-none-eabi/4.9.3/../../../../arm-none-eabi/lib/armv6-m\libc_nano.a(lib_a-exit.o)
__deregister_frame_info                           c:/program files (x86)/atmel/studio/7.0/toolchain/arm/arm-gnu-toolchain/bin/../lib/gcc/arm-none-eabi/4.9.3/armv6-m/crtbegin.o
__divsi3                                          c:/program files (x86)/atmel/studio/7.0/toolchain/arm/arm-gnu-toolchain/bin/../lib/gcc/arm-none-eabi/4.9.3/armv6-m\libgcc.a(_divsi3.o)
__dso_handle                                      c:/program files (x86)/atmel/studio/7.0/toolchain/arm/arm-gnu-toolchain/bin/../lib/gcc/arm-none-eabi/4.9.3/armv6-m/crtbegin.o
__fp_lock_all                                     c:/program files (x86)/atmel/studio/7.0/toolchain/arm/arm-gnu-toolchain/bin/../lib/gcc/arm-none-eabi/4.9.3/../../../../arm-none-eabi/lib/armv6-m\libc_nano.a(lib_a-findfp.o)
__fp_unlock_all                                   c:/program files (x86)/atmel/studio/7.0/toolchain/arm/arm-gnu-toolchain/bin/../lib/gcc/arm-none-eabi/4.9.3/../../../../arm-none-eabi/lib/armv6-m\libc_nano.a(lib_a-findfp.o)
__init_array_end                                  c:/program files (x86)/atmel/studio/7.0/toolchain/arm/arm-gnu-toolchain/bin/../lib/gcc/arm-none-eabi/4.9.3/../../../../arm-none-eabi/lib/armv6-m\libc_nano.a(lib_a-init.o)
__init_array_start                                c:/program files (x86)/atmel/studio/7.0/toolchain/arm/arm-gnu-toolchain/bin/../lib/gcc/arm-none-eabi/4.9.3/../../../../arm-none-eabi/lib/armv6-m\libc_nano.a(lib_a-init.o)
__libc_fini_array                                 c:/program files (x86)/atmel/studio/7.0/toolchain/arm/arm-gnu-toolchain/bin/../lib/gcc/arm-none-eabi/4.9.3/../../../../arm-none-eabi/lib/armv6-m/crt0.o
__libc_init_array                                 c:/program files (x86)/atmel/studio/7.0/toolchain/arm/arm-gnu-toolchain/bin/../lib/gcc/arm-none-eabi/4.9.3/../../../../arm-none-eabi/lib/armv6-m\libc_nano.a(lib_a-init.o)
                                                  src/ASF/sam0/utils/cmsis/samd21/source/gcc/startup_samd21.o
                                                  c:/program files (x86)/atmel/studio/7.0/toolchain/arm/arm-gnu-toolchain/bin/../lib/gcc/arm-none-eabi/4.9.3/../../../../arm-none-eabi/lib/armv6-m/crt0.o
__malloc_free_list                                c:/program files (x86)/atmel/studio/7.0/toolchain/arm/arm-gnu-toolchain/bin/../lib/gcc/arm-none-eabi/4.9.3/../../../../arm-none-eabi/lib/armv6-m\libc_nano.a(lib_a-nano-mallocr.o)
                                                  c:/program files (x86)/atmel/studio/7.0/toolchain/arm/arm-gnu-toolchain/bin/../lib/gcc/arm-none-eabi/4.9.3/../../../../arm-none-eabi/lib/armv6-m\libc_nano.a(lib_a-nano-freer.o)
__malloc_sbrk_start                               c:/program files (x86)/atmel/studio/7.0/toolchain/arm/arm-gnu-toolchain/bin/../lib/gcc/arm-none-eabi/4.9.3/../../../../arm-none-eabi/lib/armv6-m\libc_nano.a(lib_a-nano-mallocr.o)
__muldi3                                          c:/program files (x86)/atmel/studio/7.0/toolchain/arm/arm-gnu-toolchain/bin/../lib/gcc/arm-none-eabi/4.9.3/armv6-m\libgcc.a(_muldi3.o)
__preinit_array_end                               c:/program files (x86)/atmel/studio/7.0/toolchain/arm/arm-gnu-toolchain/bin/../lib/gcc/arm-none-eabi/4.9.3/../../../../arm-none-eabi/lib/armv6-m\libc_nano.a(lib_a-init.o)
__preinit_array_start                             c:/program files (x86)/atmel/studio/7.0/toolchain/arm/arm-gnu-toolchain/bin/../lib/gcc/arm-none-eabi/4.9.3/../../../../arm-none-eabi/lib/armv6-m\libc_nano.a(lib_a-init.o)
__register_frame_info                             c:/program files (x86)/atmel/studio/7.0/toolchain/arm/arm-gnu-toolchain/bin/../lib/gcc/arm-none-eabi/4.9.3/armv6-m/crtbegin.o
__sclose                                          c:/program files (x86)/atmel/studio/7.0/toolchain/arm/arm-gnu-toolchain/bin/../lib/gcc/arm-none-eabi/4.9.3/../../../../arm-none-eabi/lib/armv6-m\libc_nano.a(lib_a-stdio.o)
                                                  c:/program files (x86)/atmel/studio/7.0/toolchain/arm/arm-gnu-toolchain/bin/../lib/gcc/arm-none-eabi/4.9.3/../../../../arm-none-eabi/lib/armv6-m\libc_nano.a(lib_a-findfp.o)
__seofread                                        c:/program files (x86)/atmel/studio/7.0/toolchain/arm/arm-gnu-toolchain/bin/../lib/gcc/arm-none-eabi/4.9.3/../../../../arm-none-eabi/lib/armv6-m\libc_nano.a(lib_a-stdio.o)
__sf_fake_stderr                                  c:/program files (x86)/atmel/studio/7.0/toolchain/arm/arm-gnu-toolchain/bin/../lib/gcc/arm-none-eabi/4.9.3/../../../../arm-none-eabi/lib/armv6-m\libc_nano.a(lib_a-findfp.o)
                                                  c:/program files (x86)/atmel/studio/7.0/toolchain/arm/arm-gnu-toolchain/bin/../lib/gcc/arm-none-eabi/4.9.3/../../../../arm-none-eabi/lib/armv6-m\libc_nano.a(lib_a-wsetup.o)
                                                  c:/program files (x86)/atmel/studio/7.0/toolchain/arm/arm-gnu-toolchain/bin/../lib/gcc/arm-none-eabi/4.9.3/../../../../arm-none-eabi/lib/armv6-m\libc_nano.a(lib_a-wbuf.o)
                                                  c:/program files (x86)/atmel/studio/7.0/toolchain/arm/arm-gnu-toolchain/bin/../lib/gcc/arm-none-eabi/4.9.3/../../../../arm-none-eabi/lib/armv6-m\libc_nano.a(lib_a-putc.o)
                                                  c:/program files (x86)/atmel/studio/7.0/toolchain/arm/arm-gnu-toolchain/bin/../lib/gcc/arm-none-eabi/4.9.3/../../../../arm-none-eabi/lib/armv6-m\libc_nano.a(lib_a-nano-vfprintf.o)
                                                  c:/program files (x86)/atmel/studio/7.0/toolchain/arm/arm-gnu-toolchain/bin/../lib/gcc/arm-none-eabi/4.9.3/../../../../arm-none-eabi/lib/armv6-m\libc_nano.a(lib_a-fflush.o)
                                                  c:/program files (x86)/atmel/studio/7.0/toolchain/arm/arm-gnu-toolchain/bin/../lib/gcc/arm-none-eabi/4.9.3/../../../../arm-none-eabi/lib/armv6-m\libc_nano.a(lib_a-setvbuf.o)
                                                  c:/program files (x86)/atmel/studio/7.0/toolchain/arm/arm-gnu-toolchain/bin/../lib/gcc/arm-none-eabi/4.9.3/../../../../arm-none-eabi/lib/armv6-m\libc_nano.a(lib_a-impure.o)
__sf_fake_stdin                                   c:/program files (x86)/atmel/studio/7.0/toolchain/arm/arm-gnu-toolchain/bin/../lib/gcc/arm-none-eabi/4.9.3/../../../../arm-none-eabi/lib/armv6-m\libc_nano.a(lib_a-findfp.o)
                                                  c:/program files (x86)/atmel/studio/7.0/toolchain/arm/arm-gnu-toolchain/bin/../lib/gcc/arm-none-eabi/4.9.3/../../../../arm-none-eabi/lib/armv6-m\libc_nano.a(lib_a-wsetup.o)
                                                  c:/program files (x86)/atmel/studio/7.0/toolchain/arm/arm-gnu-toolchain/bin/../lib/gcc/arm-none-eabi/4.9.3/../../../../arm-none-eabi/lib/armv6-m\libc_nano.a(lib_a-wbuf.o)
                                                  c:/program files (x86)/atmel/studio/7.0/toolchain/arm/arm-gnu-toolchain/bin/../lib/gcc/arm-none-eabi/4.9.3/../../../../arm-none-eabi/lib/armv6-m\libc_nano.a(lib_a-putc.o)
                                                  c:/program files (x86)/atmel/studio/7.0/toolchain/arm/arm-gnu-toolchain/bin/../lib/gcc/arm-none-eabi/4.9.3/../../../../arm-none-eabi/lib/armv6-m\libc_nano.a(lib_a-nano-vfprintf.o)
                                                  c:/program files (x86)/atmel/studio/7.0/toolchain/arm/arm-gnu-toolchain/bin/../lib/gcc/arm-none-eabi/4.9.3/../../../../arm-none-eabi/lib/armv6-m\libc_nano.a(lib_a-fflush.o)
                                                  c:/program files (x86)/atmel/studio/7.0/toolchain/arm/arm-gnu-toolchain/bin/../lib/gcc/arm-none-eabi/4.9.3/../../../../arm-none-eabi/lib/armv6-m\libc_nano.a(lib_a-setvbuf.o)
                                                  c:/program files (x86)/atmel/studio/7.0/toolchain/arm/arm-gnu-toolchain/bin/../lib/gcc/arm-none-eabi/4.9.3/../../../../arm-none-eabi/lib/armv6-m\libc_nano.a(lib_a-impure.o)
__sf_fake_stdout                                  c:/program files (x86)/atmel/studio/7.0/toolchain/arm/arm-gnu-toolchain/bin/../lib/gcc/arm-none-eabi/4.9.3/../../../../arm-none-eabi/lib/armv6-m\libc_nano.a(lib_a-findfp.o)
                                                  c:/program files (x86)/atmel/studio/7.0/toolchain/arm/arm-gnu-toolchain/bin/../lib/gcc/arm-none-eabi/4.9.3/../../../../arm-none-eabi/lib/armv6-m\libc_nano.a(lib_a-wsetup.o)
                                                  c:/program files (x86)/atmel/studio/7.0/toolchain/arm/arm-gnu-toolchain/bin/../lib/gcc/arm-none-eabi/4.9.3/../../../../arm-none-eabi/lib/armv6-m\libc_nano.a(lib_a-wbuf.o)
                                                  c:/program files (x86)/atmel/studio/7.0/toolchain/arm/arm-gnu-toolchain/bin/../lib/gcc/arm-none-eabi/4.9.3/../../../../arm-none-eabi/lib/armv6-m\libc_nano.a(lib_a-putc.o)
                                                  c:/program files (x86)/atmel/studio/7.0/toolchain/arm/arm-gnu-toolchain/bin/../lib/gcc/arm-none-eabi/4.9.3/../../../../arm-none-eabi/lib/armv6-m\libc_nano.a(lib_a-nano-vfprintf.o)